Archive member included to satisfy reference by file (symbol)

/Applications/ArmGNUToolchain/14.3.rel1/arm-none-eabi/bin/../lib/gcc/arm-none-eabi/14.3.1/thumb/v6-m/nofp/libgcc.a(_dvmd_tls.o)
                              CMakeFiles/pico.dir/pico-sdk/src/rp2_common/pico_divider/divider_hardware.S.o (__aeabi_idiv0)
/Applications/ArmGNUToolchain/14.3.rel1/arm-none-eabi/bin/../lib/gcc/arm-none-eabi/14.3.1/../../../../arm-none-eabi/lib/thumb/v6-m/nofp/libg.a(libc_a-calloc.o)
                              CMakeFiles/pico.dir/pico-sdk/src/rp2_common/pico_malloc/malloc.c.o (calloc)
/Applications/ArmGNUToolchain/14.3.rel1/arm-none-eabi/bin/../lib/gcc/arm-none-eabi/14.3.1/../../../../arm-none-eabi/lib/thumb/v6-m/nofp/libg.a(libc_a-callocr.o)
                              /Applications/ArmGNUToolchain/14.3.rel1/arm-none-eabi/bin/../lib/gcc/arm-none-eabi/14.3.1/../../../../arm-none-eabi/lib/thumb/v6-m/nofp/libg.a(libc_a-calloc.o) (_calloc_r)
/Applications/ArmGNUToolchain/14.3.rel1/arm-none-eabi/bin/../lib/gcc/arm-none-eabi/14.3.1/../../../../arm-none-eabi/lib/thumb/v6-m/nofp/libg.a(libc_a-malloc.o)
                              CMakeFiles/pico.dir/pico-sdk/src/rp2_common/pico_malloc/malloc.c.o (malloc)
/Applications/ArmGNUToolchain/14.3.rel1/arm-none-eabi/bin/../lib/gcc/arm-none-eabi/14.3.1/../../../../arm-none-eabi/lib/thumb/v6-m/nofp/libg.a(libc_a-mallocr.o)
                              /Applications/ArmGNUToolchain/14.3.rel1/arm-none-eabi/bin/../lib/gcc/arm-none-eabi/14.3.1/../../../../arm-none-eabi/lib/thumb/v6-m/nofp/libg.a(libc_a-callocr.o) (_malloc_r)
/Applications/ArmGNUToolchain/14.3.rel1/arm-none-eabi/bin/../lib/gcc/arm-none-eabi/14.3.1/../../../../arm-none-eabi/lib/thumb/v6-m/nofp/libg.a(libc_a-mlock.o)
                              /Applications/ArmGNUToolchain/14.3.rel1/arm-none-eabi/bin/../lib/gcc/arm-none-eabi/14.3.1/../../../../arm-none-eabi/lib/thumb/v6-m/nofp/libg.a(libc_a-mallocr.o) (__malloc_lock)
/Applications/ArmGNUToolchain/14.3.rel1/arm-none-eabi/bin/../lib/gcc/arm-none-eabi/14.3.1/../../../../arm-none-eabi/lib/thumb/v6-m/nofp/libg.a(libc_a-realloc.o)
                              CMakeFiles/pico.dir/pico-sdk/src/rp2_common/pico_malloc/malloc.c.o (realloc)
/Applications/ArmGNUToolchain/14.3.rel1/arm-none-eabi/bin/../lib/gcc/arm-none-eabi/14.3.1/../../../../arm-none-eabi/lib/thumb/v6-m/nofp/libg.a(libc_a-reallocr.o)
                              /Applications/ArmGNUToolchain/14.3.rel1/arm-none-eabi/bin/../lib/gcc/arm-none-eabi/14.3.1/../../../../arm-none-eabi/lib/thumb/v6-m/nofp/libg.a(libc_a-realloc.o) (_realloc_r)
/Applications/ArmGNUToolchain/14.3.rel1/arm-none-eabi/bin/../lib/gcc/arm-none-eabi/14.3.1/../../../../arm-none-eabi/lib/thumb/v6-m/nofp/libg.a(libc_a-memcmp.o)
                              CMakeFiles/pico.dir/pico-sdk/src/rp2_common/pico_atomic/atomic.c.o (memcmp)
/Applications/ArmGNUToolchain/14.3.rel1/arm-none-eabi/bin/../lib/gcc/arm-none-eabi/14.3.1/../../../../arm-none-eabi/lib/thumb/v6-m/nofp/libg.a(libc_a-memmove.o)
                              CMakeFiles/pico.dir/pico-sdk/lib/cyw43-driver/src/cyw43_ll.c.o (memmove)
/Applications/ArmGNUToolchain/14.3.rel1/arm-none-eabi/bin/../lib/gcc/arm-none-eabi/14.3.1/../../../../arm-none-eabi/lib/thumb/v6-m/nofp/libg.a(libc_a-strncmp.o)
                              CMakeFiles/pico.dir/pico-sdk/lib/cyw43-driver/src/cyw43_ll.c.o (strncmp)
/Applications/ArmGNUToolchain/14.3.rel1/arm-none-eabi/bin/../lib/gcc/arm-none-eabi/14.3.1/../../../../arm-none-eabi/lib/thumb/v6-m/nofp/libg.a(libc_a-lcltime_r.o)
                              CMakeFiles/pico.dir/pico-sdk/src/common/pico_util/datetime.c.o (localtime_r)
/Applications/ArmGNUToolchain/14.3.rel1/arm-none-eabi/bin/../lib/gcc/arm-none-eabi/14.3.1/../../../../arm-none-eabi/lib/thumb/v6-m/nofp/libg.a(libc_a-mktime.o)
                              CMakeFiles/pico.dir/pico-sdk/src/common/pico_util/datetime.c.o (mktime)
/Applications/ArmGNUToolchain/14.3.rel1/arm-none-eabi/bin/../lib/gcc/arm-none-eabi/14.3.1/../../../../arm-none-eabi/lib/thumb/v6-m/nofp/libg.a(libc_a-month_lengths.o)
                              /Applications/ArmGNUToolchain/14.3.rel1/arm-none-eabi/bin/../lib/gcc/arm-none-eabi/14.3.1/../../../../arm-none-eabi/lib/thumb/v6-m/nofp/libg.a(libc_a-lcltime_r.o) (__month_lengths)
/Applications/ArmGNUToolchain/14.3.rel1/arm-none-eabi/bin/../lib/gcc/arm-none-eabi/14.3.1/../../../../arm-none-eabi/lib/thumb/v6-m/nofp/libg.a(libc_a-tzcalc_limits.o)
                              /Applications/ArmGNUToolchain/14.3.rel1/arm-none-eabi/bin/../lib/gcc/arm-none-eabi/14.3.1/../../../../arm-none-eabi/lib/thumb/v6-m/nofp/libg.a(libc_a-lcltime_r.o) (__tzcalc_limits)
/Applications/ArmGNUToolchain/14.3.rel1/arm-none-eabi/bin/../lib/gcc/arm-none-eabi/14.3.1/../../../../arm-none-eabi/lib/thumb/v6-m/nofp/libg.a(libc_a-tzlock.o)
[...]
Memory Configuration

Name             Origin             Length             Attributes
FLASH            0x10000000         0x00200000         xr
RAM              0x20000000         0x00040000         xrw
SCRATCH_X        0x20040000         0x00001000         xrw
SCRATCH_Y        0x20041000         0x00001000         xrw
*default*        0x00000000         0xffffffff

Linker script and memory map

LOAD /Applications/ArmGNUToolchain/14.3.rel1/arm-none-eabi/bin/../lib/gcc/arm-none-eabi/14.3.1/thumb/v6-m/nofp/crti.o
LOAD /Applications/ArmGNUToolchain/14.3.rel1/arm-none-eabi/bin/../lib/gcc/arm-none-eabi/14.3.1/thumb/v6-m/nofp/crtbegin.o
LOAD /Applications/ArmGNUToolchain/14.3.rel1/arm-none-eabi/bin/../lib/gcc/arm-none-eabi/14.3.1/../../../../arm-none-eabi/lib/thumb/v6-m/nofp/crt0.o

.flash_begin    0x10000000        0x0
                0x10000000                        __flash_binary_start = .

.boot2          0x10000000      0x100
                0x10000000                        __boot2_start__ = .
 *(.boot2)
 .boot2         0x10000000      0x100 pico-sdk/src/rp2040/boot_stage2/CMakeFiles/bs2_default_library.dir/bs2_default_padded_checksummed.S.o
                0x10000100                        __boot2_end__ = .
                0x00000001                        ASSERT (((__boot2_end__ - __boot2_start__) == 0x100), ERROR: Pico second stage bootloader must be 256 bytes in size)

.text           0x10000100     0x6178
                0x10000100                        __logical_binary_start = .
 *(.vectors)
 .vectors       0x10000100       0xd4 CMakeFiles/pico.dir/pico-sdk/src/rp2_common/pico_crt0/crt0.S.o
                0x10000100                __VECTOR_TABLE
                0x10000100                __vectors
                0x100001c0                isr_irq13
                0x100001c0                isr_irq27
                0x100001c0                isr_irq31
                0x100001c0                isr_irq5
                0x100001c0                isr_irq11
                0x100001c0                isr_irq23
                0x100001c0                isr_irq18
                0x100001c0                isr_irq28
                0x100001c0                isr_irq19
                0x100001c0                isr_irq0
                0x100001c0                isr_irq6
                0x100001c0                isr_irq9
                0x100001c0                __unhandled_user_irq
                0x100001c0                isr_irq29
                0x100001c0                isr_irq26
                0x100001c0                isr_irq3
                0x100001c0                isr_irq12
                0x100001c0                isr_irq30
                0x100001c0                isr_irq22
                0x100001c0                isr_irq17
                0x100001c0                isr_irq14
                0x100001c0                __vectors_end
                0x100001c0                __default_isrs_start
                0x100001c0                isr_irq2
                0x100001c0                isr_irq10
                0x100001c0                isr_irq8
                0x100001c0                isr_irq24
                0x100001c0                isr_irq1
                0x100001c0                isr_irq7
                0x100001c0                isr_irq21
                0x100001c0                isr_irq20
                0x100001c0                isr_irq15
                0x100001c0                isr_irq25
                0x100001c0                isr_irq4
                0x100001c0                isr_irq16
                0x100001c6                unhandled_user_irq_num_in_r0
                0x100001c8                isr_invalid
                0x100001ca                isr_nmi
                0x100001cc                isr_hardfault
                0x100001d4                __default_isrs_end
 *(.binary_info_header)
 .binary_info_header
                0x100001d4       0x14 CMakeFiles/pico.dir/pico-sdk/src/rp2_common/pico_crt0/crt0.S.o
                0x100001e8                        __binary_info_header_end = .
 *(.embedded_block)
                0x100001e8                        __embedded_block_end = .
 *(.reset)
 .reset         0x100001e8       0x9c CMakeFiles/pico.dir/pico-sdk/src/rp2_common/pico_crt0/crt0.S.o
                0x100001e8                _entry_point
 *(.init)
 .init          0x10000284        0x4 /Applications/ArmGNUToolchain/14.3.rel1/arm-none-eabi/bin/../lib/gcc/arm-none-eabi/14.3.1/thumb/v6-m/nofp/crti.o
                0x10000284                _init
 *(EXCLUDE_FILE(*libm.a: *libc.a:*lib_a-mem*.o *libgcc.a:) .text*)
 .text.register_tm_clones
                0x10000288       0x28 /Applications/ArmGNUToolchain/14.3.rel1/arm-none-eabi/bin/../lib/gcc/arm-none-eabi/14.3.1/thumb/v6-m/nofp/crtbegin.o
 .text.frame_dummy
                0x100002b0       0x24 /Applications/ArmGNUToolchain/14.3.rel1/arm-none-eabi/bin/../lib/gcc/arm-none-eabi/14.3.1/thumb/v6-m/nofp/crtbegin.o
 .text.head_task
                0x100002d4       0x90 CMakeFiles/pico.dir/main.c.o
                0x100002d4                head_task
 .text.stepper_test_task
                0x10000364       0x54 CMakeFiles/pico.dir/main.c.o
                0x10000364                stepper_test_task
 .text.stepper_task
                0x100003b8      0x100 CMakeFiles/pico.dir/main.c.o
                0x100003b8                stepper_task
 .text.vApplicationGetIdleTaskMemory
                0x100004b8       0x18 CMakeFiles/pico.dir/main.c.o
                0x100004b8                vApplicationGetIdleTaskMemory
 .text.vApplicationGetTimerTaskMemory
                0x100004d0       0x18 CMakeFiles/pico.dir/main.c.o
                0x100004d0                vApplicationGetTimerTaskMemory
 .text.vApplicationStackOverflowHook
                0x100004e8       0x10 CMakeFiles/pico.dir/main.c.o
                0x100004e8                vApplicationStackOverflowHook
 .text.vApplicationMallocFailedHook
                0x100004f8       0x10 CMakeFiles/pico.dir/main.c.o
                0x100004f8                vApplicationMallocFailedHook
 .text.startup.main
                0x10000508       0xd4 CMakeFiles/pico.dir/main.c.o
                0x10000508                main
 .text.vListInitialise
                0x100005dc       0x18 CMakeFiles/pico.dir/freertos/FreeRTOS-Kernel/list.c.o
                0x100005dc                vListInitialise
 .text.vListInitialiseItem
                0x100005f4        0x8 CMakeFiles/pico.dir/freertos/FreeRTOS-Kernel/list.c.o
                0x100005f4                vListInitialiseItem
 .text.vListInsert
                0x100005fc       0x30 CMakeFiles/pico.dir/freertos/FreeRTOS-Kernel/list.c.o
                0x100005fc                vListInsert
 .text.uxListRemove
                0x1000062c       0x20 CMakeFiles/pico.dir/freertos/FreeRTOS-Kernel/list.c.o
                0x1000062c                uxListRemove
 .text.xQueueGenericCreateStatic
                0x1000064c       0xb0 CMakeFiles/pico.dir/freertos/FreeRTOS-Kernel/queue.c.o
                0x1000064c                xQueueGenericCreateStatic
 .text.xQueueGenericSend
                0x100006fc      0x358 CMakeFiles/pico.dir/freertos/FreeRTOS-Kernel/queue.c.o
                0x100006fc                xQueueGenericSend
 .text.xQueueCreateMutex
                0x10000a54       0x70 CMakeFiles/pico.dir/freertos/FreeRTOS-Kernel/queue.c.o
                0x10000a54                xQueueCreateMutex
 .text.xQueueReceive
                0x10000ac4      0x2b4 CMakeFiles/pico.dir/freertos/FreeRTOS-Kernel/queue.c.o
                0x10000ac4                xQueueReceive
 .text.vQueueAddToRegistry
                0x10000d78      0x168 CMakeFiles/pico.dir/freertos/FreeRTOS-Kernel/queue.c.o
                0x10000d78                vQueueAddToRegistry
 .text.vQueueWaitForMessageRestricted
                0x10000ee0       0xd0 CMakeFiles/pico.dir/freertos/FreeRTOS-Kernel/queue.c.o
                0x10000ee0                vQueueWaitForMessageRestricted
 .text.prvAddNewTaskToReadyList
                0x10000fb0      0x120 CMakeFiles/pico.dir/freertos/FreeRTOS-Kernel/tasks.c.o
 .text.prvAddCurrentTaskToDelayedList
                0x100010d0       0xb8 CMakeFiles/pico.dir/freertos/FreeRTOS-Kernel/tasks.c.o
 .text.vTaskSwitchContext.part.0
                0x10001188       0xc0 CMakeFiles/pico.dir/freertos/FreeRTOS-Kernel/tasks.c.o
 .text.prvIdleTask
                0x10001248       0x80 CMakeFiles/pico.dir/freertos/FreeRTOS-Kernel/tasks.c.o
 .text.xTaskIncrementTick.part.0
                0x100012c8      0x1a0 CMakeFiles/pico.dir/freertos/FreeRTOS-Kernel/tasks.c.o
 .text.xTaskCreateStatic
                0x10001468      0x134 CMakeFiles/pico.dir/freertos/FreeRTOS-Kernel/tasks.c.o
                0x10001468                xTaskCreateStatic
 .text.xTaskCreate
                0x1000159c      0x138 CMakeFiles/pico.dir/freertos/FreeRTOS-Kernel/tasks.c.o
                0x1000159c                xTaskCreate
 .text.vTaskStartScheduler
                0x100016d4       0xdc CMakeFiles/pico.dir/freertos/FreeRTOS-Kernel/tasks.c.o
                0x100016d4                vTaskStartScheduler
 .text.vTaskSuspendAll
                0x100017b0       0x10 CMakeFiles/pico.dir/freertos/FreeRTOS-Kernel/tasks.c.o
                0x100017b0                vTaskSuspendAll
 .text.xTaskResumeAll
                0x100017c0      0x18c CMakeFiles/pico.dir/freertos/FreeRTOS-Kernel/tasks.c.o
                0x100017c0                xTaskResumeAll
 .text.xTaskDelayUntil
                0x1000194c       0xac CMakeFiles/pico.dir/freertos/FreeRTOS-Kernel/tasks.c.o
                0x1000194c                xTaskDelayUntil
 .text.vTaskDelay
                0x100019f8       0x7c CMakeFiles/pico.dir/freertos/FreeRTOS-Kernel/tasks.c.o
                0x100019f8                vTaskDelay
 .text.xTaskGetTickCount
                0x10001a74        0xc CMakeFiles/pico.dir/freertos/FreeRTOS-Kernel/tasks.c.o
                0x10001a74                xTaskGetTickCount
 .text.xTaskIncrementTick
                0x10001a80       0x24 CMakeFiles/pico.dir/freertos/FreeRTOS-Kernel/tasks.c.o
                0x10001a80                xTaskIncrementTick
 .text.vTaskSwitchContext
                0x10001aa4       0x20 CMakeFiles/pico.dir/freertos/FreeRTOS-Kernel/tasks.c.o
                0x10001aa4                vTaskSwitchContext
 .text.vTaskPlaceOnEventList
                0x10001ac4       0x98 CMakeFiles/pico.dir/freertos/FreeRTOS-Kernel/tasks.c.o
                0x10001ac4                vTaskPlaceOnEventList
 .text.vTaskPlaceOnEventListRestricted
                0x10001b5c       0xc4 CMakeFiles/pico.dir/freertos/FreeRTOS-Kernel/tasks.c.o
                0x10001b5c                vTaskPlaceOnEventListRestricted
 .text.xTaskRemoveFromEventList
                0x10001c20       0xd8 CMakeFiles/pico.dir/freertos/FreeRTOS-Kernel/tasks.c.o
                0x10001c20                xTaskRemoveFromEventList
 .text.vTaskInternalSetTimeOutState
                0x10001cf8       0x18 CMakeFiles/pico.dir/freertos/FreeRTOS-Kernel/tasks.c.o
                0x10001cf8                vTaskInternalSetTimeOutState
 .text.xTaskCheckForTimeOut
                0x10001d10       0x5c CMakeFiles/pico.dir/freertos/FreeRTOS-Kernel/tasks.c.o
                0x10001d10                xTaskCheckForTimeOut
 .text.vTaskMissedYield
                0x10001d6c        0xc CMakeFiles/pico.dir/freertos/FreeRTOS-Kernel/tasks.c.o
                0x10001d6c                vTaskMissedYield
 .text.xTaskPriorityDisinherit
                0x10001d78       0x64 CMakeFiles/pico.dir/freertos/FreeRTOS-Kernel/tasks.c.o
                0x10001d78                xTaskPriorityDisinherit
 .text.ulTaskGenericNotifyTake
                0x10001ddc       0xac CMakeFiles/pico.dir/freertos/FreeRTOS-Kernel/tasks.c.o
                0x10001ddc                ulTaskGenericNotifyTake
 .text.xTaskGenericNotify
                0x10001e88       0xe8 CMakeFiles/pico.dir/freertos/FreeRTOS-Kernel/tasks.c.o
                0x10001e88                xTaskGenericNotify
 .text.prvTimerTask
                0x10001f70      0x39c CMakeFiles/pico.dir/freertos/FreeRTOS-Kernel/timers.c.o
 .text.xTimerCreateTimerTask
                0x1000230c       0xb4 CMakeFiles/pico.dir/freertos/FreeRTOS-Kernel/timers.c.o
                0x1000230c                xTimerCreateTimerTask
 .text.xEventGroupCreateStatic
                0x100023c0       0x20 CMakeFiles/pico.dir/freertos/FreeRTOS-Kernel/event_groups.c.o
                0x100023c0                xEventGroupCreateStatic
 .text.vPortStartFirstTask
                0x100023e0       0x34 CMakeFiles/pico.dir/freertos/FreeRTOS-Kernel/portable/ThirdParty/GCC/RP2040/port.c.o
 *fill*         0x10002414        0xc 
 .text.isr_pendsv
                0x10002420       0x64 CMakeFiles/pico.dir/freertos/FreeRTOS-Kernel/portable/ThirdParty/GCC/RP2040/port.c.o
                0x10002420                isr_pendsv
 .text.prvTaskExitError
                0x10002484        0x8 CMakeFiles/pico.dir/freertos/FreeRTOS-Kernel/portable/ThirdParty/GCC/RP2040/port.c.o
 .text.isr_svcall
                0x1000248c        0x4 CMakeFiles/pico.dir/freertos/FreeRTOS-Kernel/portable/ThirdParty/GCC/RP2040/port.c.o
                0x1000248c                isr_svcall
 .text.pxPortInitialiseStack
                0x10002490       0x20 CMakeFiles/pico.dir/freertos/FreeRTOS-Kernel/portable/ThirdParty/GCC/RP2040/port.c.o
                0x10002490                pxPortInitialiseStack
 .text.vPortYield
                0x100024b0       0x18 CMakeFiles/pico.dir/freertos/FreeRTOS-Kernel/portable/ThirdParty/GCC/RP2040/port.c.o
                0x100024b0                vPortYield
 .text.vPortEnterCritical
                0x100024c8       0x18 CMakeFiles/pico.dir/freertos/FreeRTOS-Kernel/portable/ThirdParty/GCC/RP2040/port.c.o
                0x100024c8                vPortEnterCritical
 .text.vPortExitCritical
                0x100024e0       0x14 CMakeFiles/pico.dir/freertos/FreeRTOS-Kernel/portable/ThirdParty/GCC/RP2040/port.c.o
                0x100024e0                vPortExitCritical
 .text.ulSetInterruptMaskFromISR
                0x100024f4        0x8 CMakeFiles/pico.dir/freertos/FreeRTOS-Kernel/portable/ThirdParty/GCC/RP2040/port.c.o
                0x100024f4                ulSetInterruptMaskFromISR
 .text.vClearInterruptMaskFromISR
                0x100024fc        0x8 CMakeFiles/pico.dir/freertos/FreeRTOS-Kernel/portable/ThirdParty/GCC/RP2040/port.c.o
                0x100024fc                vClearInterruptMaskFromISR
 .text.isr_systick
                0x10002504       0x24 CMakeFiles/pico.dir/freertos/FreeRTOS-Kernel/portable/ThirdParty/GCC/RP2040/port.c.o
                0x10002504                isr_systick
 .text.vPortSetupTimerInterrupt
                0x10002528       0x34 CMakeFiles/pico.dir/freertos/FreeRTOS-Kernel/portable/ThirdParty/GCC/RP2040/port.c.o
                0x10002528                vPortSetupTimerInterrupt
 .text.xPortStartScheduler
                0x1000255c       0x68 CMakeFiles/pico.dir/freertos/FreeRTOS-Kernel/portable/ThirdParty/GCC/RP2040/port.c.o
                0x1000255c                xPortStartScheduler
 .text.startup.prvRuntimeInitializer
                0x100025c4       0x30 CMakeFiles/pico.dir/freertos/FreeRTOS-Kernel/portable/ThirdParty/GCC/RP2040/port.c.o
 .text.pvPortMalloc
                0x100025f4      0x134 CMakeFiles/pico.dir/freertos/FreeRTOS-Kernel/portable/MemMang/heap_4.c.o
                0x100025f4                pvPortMalloc
 .text.vPortFree
                0x10002728       0x98 CMakeFiles/pico.dir/freertos/FreeRTOS-Kernel/portable/MemMang/heap_4.c.o
                0x10002728                vPortFree
 .text.gpio_set_function
                0x100027c0       0x34 CMakeFiles/pico.dir/pico-sdk/src/rp2_common/hardware_gpio/gpio.c.o
                0x100027c0                gpio_set_function
 .text.gpio_init
                0x100027f4       0x40 CMakeFiles/pico.dir/pico-sdk/src/rp2_common/hardware_gpio/gpio.c.o
                0x100027f4                gpio_init
 .text.panic    0x10002834       0x30 CMakeFiles/pico.dir/pico-sdk/src/rp2_common/pico_platform_panic/panic.c.o
                0x10002834                panic
 .text.panic_unsupported
                0x10002864        0xc CMakeFiles/pico.dir/pico-sdk/src/rp2_common/pico_platform_panic/panic.c.o
                0x10002864                panic_unsupported
 .text.hw_claim_or_assert
                0x10002870       0x44 CMakeFiles/pico.dir/pico-sdk/src/common/hardware_claim/claim.c.o
                0x10002870                hw_claim_or_assert
 .text.next_striped_spin_lock_num
                0x100028b4       0x18 CMakeFiles/pico.dir/pico-sdk/src/rp2_common/hardware_sync/sync.c.o
                0x100028b4                next_striped_spin_lock_num
 .text.spin_locks_reset
                0x100028cc       0x1c CMakeFiles/pico.dir/pico-sdk/src/rp2_common/hardware_sync_spin_lock/sync_spin_lock.c.o
                0x100028cc                spin_locks_reset
 .text.runtime_init_per_core_irq_priorities
                0x100028e8       0x24 CMakeFiles/pico.dir/pico-sdk/src/rp2_common/hardware_irq/irq.c.o
                0x100028e8                runtime_init_per_core_irq_priorities
 .text.irq_set_enabled
                0x1000290c       0x24 CMakeFiles/pico.dir/pico-sdk/src/rp2_common/hardware_irq/irq.c.o
                0x1000290c                irq_set_enabled
 .text.irq_set_exclusive_handler
                0x10002930       0x54 CMakeFiles/pico.dir/pico-sdk/src/rp2_common/hardware_irq/irq.c.o
                0x10002930                irq_set_exclusive_handler
 .text.irq_remove_handler
                0x10002984      0x1d4 CMakeFiles/pico.dir/pico-sdk/src/rp2_common/hardware_irq/irq.c.o
                0x10002984                irq_remove_handler
 .text.irq_add_tail_to_free_list
                0x10002b58       0xb4 CMakeFiles/pico.dir/pico-sdk/src/rp2_common/hardware_irq/irq.c.o
                0x10002b58                irq_add_tail_to_free_list
 .text.lock_init
                0x10002c0c       0x10 CMakeFiles/pico.dir/pico-sdk/src/common/pico_sync/lock_core.c.o
                0x10002c0c                lock_init
 .text.runtime_init_mutex
                0x10002c1c       0x50 CMakeFiles/pico.dir/pico-sdk/src/common/pico_sync/mutex.c.o
                0x10002c1c                runtime_init_mutex
 .text.sleep_until_callback
                0x10002c6c       0x30 CMakeFiles/pico.dir/pico-sdk/src/common/pico_time/time.c.o
 .text.alarm_pool_irq_handler
                0x10002c9c      0x2f8 CMakeFiles/pico.dir/pico-sdk/src/common/pico_time/time.c.o
 .text.runtime_init_default_alarm_pool
                0x10002f94       0xdc CMakeFiles/pico.dir/pico-sdk/src/common/pico_time/time.c.o
                0x10002f94                runtime_init_default_alarm_pool
 .text.alarm_pool_add_alarm_at_force_in_context
                0x10003070       0xb0 CMakeFiles/pico.dir/pico-sdk/src/common/pico_time/time.c.o
                0x10003070                alarm_pool_add_alarm_at_force_in_context
 .text.alarm_pool_cancel_alarm
                0x10003120       0x74 CMakeFiles/pico.dir/pico-sdk/src/common/pico_time/time.c.o
                0x10003120                alarm_pool_cancel_alarm
 .text.best_effort_wfe_or_timeout
                0x10003194      0x10c CMakeFiles/pico.dir/pico-sdk/src/common/pico_time/time.c.o
                0x10003194                best_effort_wfe_or_timeout
 .text.timer_hardware_alarm_claim
                0x100032a0       0x14 CMakeFiles/pico.dir/pico-sdk/src/rp2_common/hardware_timer/timer.c.o
                0x100032a0                timer_hardware_alarm_claim
 .text.timer_time_us_64
                0x100032b4       0x10 CMakeFiles/pico.dir/pico-sdk/src/rp2_common/hardware_timer/timer.c.o
                0x100032b4                timer_time_us_64
 .text.time_us_64
                0x100032c4       0x14 CMakeFiles/pico.dir/pico-sdk/src/rp2_common/hardware_timer/timer.c.o
                0x100032c4                time_us_64
 .text.busy_wait_us
                0x100032d8       0x68 CMakeFiles/pico.dir/pico-sdk/src/rp2_common/hardware_timer/timer.c.o
                0x100032d8                busy_wait_us
 .text.uart_init
                0x10003340      0x120 CMakeFiles/pico.dir/pico-sdk/src/rp2_common/hardware_uart/uart.c.o
                0x10003340                uart_init
 .text.clock_configure_int_divider
                0x10003460       0xf4 CMakeFiles/pico.dir/pico-sdk/src/rp2_common/hardware_clocks/clocks.c.o
                0x10003460                clock_configure_int_divider
 .text.clock_configure_undivided
                0x10003554       0xe8 CMakeFiles/pico.dir/pico-sdk/src/rp2_common/hardware_clocks/clocks.c.o
                0x10003554                clock_configure_undivided
 .text.clock_get_hz
                0x1000363c        0xc CMakeFiles/pico.dir/pico-sdk/src/rp2_common/hardware_clocks/clocks.c.o
                0x1000363c                clock_get_hz
 .text.pll_init
                0x10003648       0xa4 CMakeFiles/pico.dir/pico-sdk/src/rp2_common/hardware_pll/pll.c.o
                0x10003648                pll_init
 .text.tick_start
                0x100036ec       0x10 CMakeFiles/pico.dir/pico-sdk/src/rp2_common/hardware_ticks/ticks.c.o
                0x100036ec                tick_start
 .text.rom_func_lookup
                0x100036fc       0x10 CMakeFiles/pico.dir/pico-sdk/src/rp2_common/pico_bootrom/bootrom.c.o
                0x100036fc                rom_func_lookup
 .text.rom_data_lookup
                0x1000370c       0x10 CMakeFiles/pico.dir/pico-sdk/src/rp2_common/pico_bootrom/bootrom.c.o
                0x1000370c                rom_data_lookup
 .text.rom_funcs_lookup
                0x1000371c       0x44 CMakeFiles/pico.dir/pico-sdk/src/rp2_common/pico_bootrom/bootrom.c.o
                0x1000371c                rom_funcs_lookup
 .text.xosc_init
                0x10003760       0x28 CMakeFiles/pico.dir/pico-sdk/src/rp2_common/hardware_xosc/xosc.c.o
                0x10003760                xosc_init
 .text.first_per_core_initializer
                0x10003788        0x4 CMakeFiles/pico.dir/pico-sdk/src/rp2_common/pico_runtime/runtime.c.o
 .text.hard_assertion_failure
                0x1000378c        0xc CMakeFiles/pico.dir/pico-sdk/src/rp2_common/pico_runtime/runtime.c.o
                0x1000378c                hard_assertion_failure
 .text.runtime_run_initializers
                0x10003798       0x28 CMakeFiles/pico.dir/pico-sdk/src/rp2_common/pico_runtime/runtime.c.o
                0x10003798                runtime_run_initializers
 .text.runtime_init_early_resets
                0x100037c0       0x2c CMakeFiles/pico.dir/pico-sdk/src/rp2_common/pico_runtime_init/runtime_init.c.o
                0x100037c0                runtime_init_early_resets
 .text.runtime_init_usb_power_down
                0x100037ec       0x1c CMakeFiles/pico.dir/pico-sdk/src/rp2_common/pico_runtime_init/runtime_init.c.o
                0x100037ec                runtime_init_usb_power_down
 .text.runtime_init_post_clock_resets
                0x10003808       0x20 CMakeFiles/pico.dir/pico-sdk/src/rp2_common/pico_runtime_init/runtime_init.c.o
                0x10003808                runtime_init_post_clock_resets
 .text.runtime_init_rp2040_gpio_ie_disable
                0x10003828       0x14 CMakeFiles/pico.dir/pico-sdk/src/rp2_common/pico_runtime_init/runtime_init.c.o
                0x10003828                runtime_init_rp2040_gpio_ie_disable
 .text.runtime_init_spin_locks_reset
                0x1000383c        0x8 CMakeFiles/pico.dir/pico-sdk/src/rp2_common/pico_runtime_init/runtime_init.c.o
                0x1000383c                runtime_init_spin_locks_reset
 .text.runtime_init_install_ram_vector_table
                0x10003844       0xb4 CMakeFiles/pico.dir/pico-sdk/src/rp2_common/pico_runtime_init/runtime_init.c.o
                0x10003844                runtime_init_install_ram_vector_table
 .text.runtime_init_clocks
                0x100038f8       0xd8 CMakeFiles/pico.dir/pico-sdk/src/rp2_common/pico_runtime_init/runtime_init_clocks.c.o
                0x100038f8                runtime_init_clocks
 .text          0x100039d0       0x10 CMakeFiles/pico.dir/pico-sdk/src/rp2_common/pico_bit_ops/bit_ops_aeabi.S.o
 .text.__wrap___aeabi_idiv
                0x100039e0       0x50 CMakeFiles/pico.dir/pico-sdk/src/rp2_common/pico_divider/divider_hardware.S.o
                0x100039e0                __wrap___aeabi_idivmod
                0x100039e0                divmod_s32s32
                0x100039e0                div_s32s32
                0x100039e0                __wrap___aeabi_idiv
                0x100039e8                divmod_s32s32_unsafe
                0x10003a14                divmod_s32s32_savestate
 .text.__wrap___aeabi_uidiv
                0x10003a30       0x4c CMakeFiles/pico.dir/pico-sdk/src/rp2_common/pico_divider/divider_hardware.S.o
                0x10003a30                __wrap___aeabi_uidiv
                0x10003a30                __wrap___aeabi_uidivmod
                0x10003a30                div_u32u32
                0x10003a30                divmod_u32u32
                0x10003a38                divmod_u32u32_unsafe
                0x10003a60                divmod_u32u32_savestate
 .text.__wrap___aeabi_ldiv
                0x10003a7c      0x424 CMakeFiles/pico.dir/pico-sdk/src/rp2_common/pico_divider/divider_hardware.S.o
                0x10003a7c                __wrap___aeabi_ldivmod
                0x10003a7c                div_s64s64
                0x10003a7c                divmod_s64s64
                0x10003aac                divmod_u64u64
                0x10003aac                div_u64u64
                0x10003aac                __wrap___aeabi_uldivmod
                0x10003abc                divmod_u64u64_savestate
                0x10003adc                divmod_s64s64_unsafe
                0x10003b64                divmod_u64u64_unsafe
 .text.__wrap___aeabi_darithmetic
                0x10003ea0       0x60 CMakeFiles/pico.dir/pico-sdk/src/rp2_common/pico_double/double_aeabi_rp2040.S.o
                0x10003ea0                __wrap___aeabi_drsub
                0x10003ea6                __wrap___aeabi_dsub
                0x10003eb0                __wrap___aeabi_dadd
                0x10003eba                __wrap___aeabi_ddiv
                0x10003eee                __wrap___aeabi_dmul
 .text.__wrap___aeabi_cdcmple
                0x10003f00       0x6c CMakeFiles/pico.dir/pico-sdk/src/rp2_common/pico_double/double_aeabi_rp2040.S.o
                0x10003f00                __wrap___aeabi_cdrcmple
                0x10003f10                __wrap___aeabi_cdcmple
                0x10003f10                __wrap___aeabi_cdcmpeq
 .text.__wrap___aeabi_dcmplt
                0x10003f6c        0xc CMakeFiles/pico.dir/pico-sdk/src/rp2_common/pico_double/double_aeabi_rp2040.S.o
                0x10003f6c                __wrap___aeabi_dcmplt
 .text.__wrap___aeabi_dcmple
                0x10003f78       0x10 CMakeFiles/pico.dir/pico-sdk/src/rp2_common/pico_double/double_aeabi_rp2040.S.o
                0x10003f78                __wrap___aeabi_dcmple
 .text.__wrap___aeabi_dcmpge
                0x10003f88       0x10 CMakeFiles/pico.dir/pico-sdk/src/rp2_common/pico_double/double_aeabi_rp2040.S.o
                0x10003f88                __wrap___aeabi_dcmpge
 .text.__wrap___aeabi_dcmpgt
                0x10003f98        0xa CMakeFiles/pico.dir/pico-sdk/src/rp2_common/pico_double/double_aeabi_rp2040.S.o
                0x10003f98                __wrap___aeabi_dcmpgt
 .text.__wrap___aeabi_dcmpun
                0x10003fa2       0x18 CMakeFiles/pico.dir/pico-sdk/src/rp2_common/pico_double/double_aeabi_rp2040.S.o
                0x10003fa2                __wrap___aeabi_dcmpun
 *fill*         0x10003fba        0x2 
 .text.__wrap___aeabi_i2d
                0x10003fbc       0x38 CMakeFiles/pico.dir/pico-sdk/src/rp2_common/pico_double/double_aeabi_rp2040.S.o
                0x10003fbc                __wrap___aeabi_ui2d
                0x10003fbc                uint2double
                0x10003fc4                __wrap___aeabi_i2d
                0x10003fc4                int2double
 .text.__wrap___aeabi_d2iz
                0x10003ff4       0x48 CMakeFiles/pico.dir/pico-sdk/src/rp2_common/pico_double/double_aeabi_rp2040.S.o
                0x10003ff4                __wrap___aeabi_d2iz
                0x10003ff4                double2int_z
 .text.__wrap___aeabi_d2uiz
                0x1000403c       0x10 CMakeFiles/pico.dir/pico-sdk/src/rp2_common/pico_double/double_aeabi_rp2040.S.o
                0x1000403c                double2uint_z
                0x1000403c                double2uint
                0x1000403c                __wrap___aeabi_d2uiz
 .text.missing_double_func_shim
                0x1000404c        0xc CMakeFiles/pico.dir/pico-sdk/src/rp2_common/pico_double/double_init_rom_rp2040.c.o
 .text.__aeabi_double_init
                0x10004058       0xa0 CMakeFiles/pico.dir/pico-sdk/src/rp2_common/pico_double/double_init_rom_rp2040.c.o
                0x10004058                __aeabi_double_init
 .text.double_table_shim_on_use_helper
                0x100040f8       0x2c CMakeFiles/pico.dir/pico-sdk/src/rp2_common/pico_double/double_v1_rom_shim_rp2040.S.o
                0x100040f8                double_table_shim_on_use_helper
 .text.__wrap___aeabi_f2uiz
                0x10004124        0xc CMakeFiles/pico.dir/pico-sdk/src/rp2_common/pico_float/float_aeabi_rp2040.S.o
                0x10004124                float2uint
                0x10004124                float2uint_z
                0x10004124                __wrap___aeabi_f2uiz
 .text.missing_float_func_shim
                0x10004130        0xc CMakeFiles/pico.dir/pico-sdk/src/rp2_common/pico_float/float_init_rom_rp2040.c.o
 .text.__aeabi_float_init
                0x1000413c       0x5c CMakeFiles/pico.dir/pico-sdk/src/rp2_common/pico_float/float_init_rom_rp2040.c.o
                0x1000413c                __aeabi_float_init
 .text          0x10004198       0x10 CMakeFiles/pico.dir/pico-sdk/src/rp2_common/pico_mem_ops/mem_ops_aeabi.S.o
                0x10004198                __aeabi_mem_init
 .text.memset   0x100041a8        0xc CMakeFiles/pico.dir/pico-sdk/src/rp2_common/pico_mem_ops/mem_ops_aeabi.S.o
                0x100041a8                __wrap_memset
 .text.memcpy   0x100041b4        0xc CMakeFiles/pico.dir/pico-sdk/src/rp2_common/pico_mem_ops/mem_ops_aeabi.S.o
                0x100041b4                __wrap___aeabi_memcpy
                0x100041b4                __wrap_memcpy
 .text._out_null
                0x100041c0        0x4 CMakeFiles/pico.dir/pico-sdk/src/rp2_common/pico_printf/printf.c.o
 .text._out_rev
                0x100041c4       0xac CMakeFiles/pico.dir/pico-sdk/src/rp2_common/pico_printf/printf.c.o
 .text._ntoa_format
                0x10004270      0x1cc CMakeFiles/pico.dir/pico-sdk/src/rp2_common/pico_printf/printf.c.o
 .text._out_char
                0x1000443c       0x10 CMakeFiles/pico.dir/pico-sdk/src/rp2_common/pico_printf/printf.c.o
 .text._out_fct
                0x1000444c       0x10 CMakeFiles/pico.dir/pico-sdk/src/rp2_common/pico_printf/printf.c.o
 .text._ftoa    0x1000445c      0x4a8 CMakeFiles/pico.dir/pico-sdk/src/rp2_common/pico_printf/printf.c.o
 .text._etoa    0x10004904      0x57c CMakeFiles/pico.dir/pico-sdk/src/rp2_common/pico_printf/printf.c.o
 .text._vsnprintf
                0x10004e80      0xbe0 CMakeFiles/pico.dir/pico-sdk/src/rp2_common/pico_printf/printf.c.o
 .text.vfctprintf
                0x10005a60       0x24 CMakeFiles/pico.dir/pico-sdk/src/rp2_common/pico_printf/printf.c.o
                0x10005a60                vfctprintf
 .text.weak_raw_vprintf
                0x10005a84       0x30 CMakeFiles/pico.dir/pico-sdk/src/rp2_common/pico_printf/printf.c.o
                0x10005a84                weak_raw_vprintf
 .text._exit    0x10005ab4        0x4 CMakeFiles/pico.dir/pico-sdk/src/rp2_common/pico_clib_interface/newlib_interface.c.o
                0x10005ab4                _exit
 .text.exit     0x10005ab8        0x8 CMakeFiles/pico.dir/pico-sdk/src/rp2_common/pico_clib_interface/newlib_interface.c.o
                0x10005ab8                exit
 .text.runtime_init
                0x10005ac0       0x2c CMakeFiles/pico.dir/pico-sdk/src/rp2_common/pico_clib_interface/newlib_interface.c.o
                0x10005ac0                runtime_init
 .text.stdio_out_chars_no_crlf
                0x10005aec       0x10 CMakeFiles/pico.dir/pico-sdk/src/rp2_common/pico_stdio/stdio.c.o
 .text.stdio_out_chars_crlf
                0x10005afc       0xb0 CMakeFiles/pico.dir/pico-sdk/src/rp2_common/pico_stdio/stdio.c.o
 .text.stdio_buffered_printer
                0x10005bac       0x64 CMakeFiles/pico.dir/pico-sdk/src/rp2_common/pico_stdio/stdio.c.o
 .text.stdio_put_string
                0x10005c10       0xfc CMakeFiles/pico.dir/pico-sdk/src/rp2_common/pico_stdio/stdio.c.o
                0x10005c10                stdio_put_string
 .text.stdio_set_driver_enabled
                0x10005d0c       0x30 CMakeFiles/pico.dir/pico-sdk/src/rp2_common/pico_stdio/stdio.c.o
                0x10005d0c                stdio_set_driver_enabled
 .text.stdio_init_all
                0x10005d3c        0xc CMakeFiles/pico.dir/pico-sdk/src/rp2_common/pico_stdio/stdio.c.o
                0x10005d3c                stdio_init_all
 .text.__wrap_putchar
                0x10005d48       0x94 CMakeFiles/pico.dir/pico-sdk/src/rp2_common/pico_stdio/stdio.c.o
                0x10005d48                stdio_putchar
                0x10005d48                __wrap_putchar
 .text.__wrap_puts
                0x10005ddc       0x3c CMakeFiles/pico.dir/pico-sdk/src/rp2_common/pico_stdio/stdio.c.o
                0x10005ddc                __wrap_puts
                0x10005ddc                stdio_puts
 .text.__wrap_vprintf
                0x10005e18       0xcc CMakeFiles/pico.dir/pico-sdk/src/rp2_common/pico_stdio/stdio.c.o
                0x10005e18                __wrap_vprintf
                0x10005e18                stdio_vprintf
 .text.__wrap_printf
                0x10005ee4       0x18 CMakeFiles/pico.dir/pico-sdk/src/rp2_common/pico_stdio/stdio.c.o
                0x10005ee4                stdio_printf
                0x10005ee4                __wrap_printf
 .text.stdio_uart_out_chars
                0x10005efc       0x4c CMakeFiles/pico.dir/pico-sdk/src/rp2_common/pico_stdio_uart/stdio_uart.c.o
 .text.stdio_uart_in_chars
                0x10005f48       0x90 CMakeFiles/pico.dir/pico-sdk/src/rp2_common/pico_stdio_uart/stdio_uart.c.o
                0x10005f48                stdio_uart_in_chars
 .text.on_uart_rx
                0x10005fd8       0x28 CMakeFiles/pico.dir/pico-sdk/src/rp2_common/pico_stdio_uart/stdio_uart.c.o
 .text.stdio_uart_out_flush
                0x10006000       0x14 CMakeFiles/pico.dir/pico-sdk/src/rp2_common/pico_stdio_uart/stdio_uart.c.o
 .text.stdio_uart_set_chars_available_callback
                0x10006014       0x84 CMakeFiles/pico.dir/pico-sdk/src/rp2_common/pico_stdio_uart/stdio_uart.c.o
 .text.stdio_uart_init
                0x10006098       0x50 CMakeFiles/pico.dir/pico-sdk/src/rp2_common/pico_stdio_uart/stdio_uart.c.o
                0x10006098                stdio_uart_init
 .text.startup._retrieve_unique_id_on_boot
                0x100060e8       0x10 CMakeFiles/pico.dir/pico-sdk/src/rp2_common/pico_unique_id/unique_id.c.o
 .text.flash_get_unique_id
                0x100060f8       0x3c CMakeFiles/pico.dir/pico-sdk/src/rp2_common/hardware_flash/flash.c.o
                0x100060f8                flash_get_unique_id
 .text.exception_set_exclusive_handler
                0x10006134       0x48 CMakeFiles/pico.dir/pico-sdk/src/rp2_common/hardware_exception/exception.c.o
                0x10006134                exception_set_exclusive_handler
 .text.strlen   0x1000617c       0x5c /Applications/ArmGNUToolchain/14.3.rel1/arm-none-eabi/bin/../lib/gcc/arm-none-eabi/14.3.1/../../../../arm-none-eabi/lib/thumb/v6-m/nofp/libg.a(libc_a-strlen-stub.o)
                0x1000617c                strlen
 *(.fini)
 .fini          0x100061d8        0x4 /Applications/ArmGNUToolchain/14.3.rel1/arm-none-eabi/bin/../lib/gcc/arm-none-eabi/14.3.1/thumb/v6-m/nofp/crti.o
                0x100061d8                _fini
 *fill*         0x100061dc        0x4 
 .fini.__stub   0x100061e0       0x50 linker stubs
 *crtbegin.o(.ctors)
 *crtbegin?.o(.ctors)
 *(EXCLUDE_FILE(*crtend.o *crtend?.o) .ctors)
 *(SORT_BY_NAME(.ctors.*))
 *(.ctors)
 *crtbegin.o(.dtors)
 *crtbegin?.o(.dtors)
 *(EXCLUDE_FILE(*crtend.o *crtend?.o) .dtors)
 *(SORT_BY_NAME(.dtors.*))
 *(.dtors)
                0x10006230                        . = ALIGN (0x4)
                0x10006230                        PROVIDE (__preinit_array_start = .)
 *(SORT_BY_NAME(.preinit_array.*))
 .preinit_array.00100
                0x10006230        0x4 CMakeFiles/pico.dir/pico-sdk/src/rp2_common/pico_runtime_init/runtime_init.c.o
                0x10006230                __pre_init_runtime_init_early_resets
 .preinit_array.00101
                0x10006234        0x4 CMakeFiles/pico.dir/pico-sdk/src/rp2_common/pico_runtime_init/runtime_init.c.o
                0x10006234                __pre_init_runtime_init_usb_power_down
 .preinit_array.00275
                0x10006238        0x4 CMakeFiles/pico.dir/pico-sdk/src/rp2_common/pico_bit_ops/bit_ops_aeabi.S.o
 .preinit_array.00300
                0x1000623c        0x4 CMakeFiles/pico.dir/pico-sdk/src/rp2_common/pico_mem_ops/mem_ops_aeabi.S.o
 .preinit_array.00350
                0x10006240        0x4 CMakeFiles/pico.dir/pico-sdk/src/rp2_common/pico_double/double_aeabi_rp2040.S.o
 .preinit_array.00350
                0x10006244        0x4 CMakeFiles/pico.dir/pico-sdk/src/rp2_common/pico_float/float_aeabi_rp2040.S.o
 .preinit_array.00500
                0x10006248        0x4 CMakeFiles/pico.dir/pico-sdk/src/rp2_common/pico_runtime_init/runtime_init.c.o
                0x10006248                __pre_init_runtime_init_clocks
 .preinit_array.00600
                0x1000624c        0x4 CMakeFiles/pico.dir/pico-sdk/src/rp2_common/pico_runtime_init/runtime_init.c.o
                0x1000624c                __pre_init_runtime_init_post_clock_resets
 .preinit_array.00700
                0x10006250        0x4 CMakeFiles/pico.dir/pico-sdk/src/rp2_common/pico_runtime_init/runtime_init.c.o
                0x10006250                __pre_init_runtime_init_rp2040_gpio_ie_disable
 .preinit_array.01000
                0x10006254        0x4 CMakeFiles/pico.dir/pico-sdk/src/rp2_common/pico_runtime_init/runtime_init.c.o
                0x10006254                __pre_init_runtime_init_spin_locks_reset
 .preinit_array.01100
                0x10006258        0x4 CMakeFiles/pico.dir/pico-sdk/src/common/pico_sync/mutex.c.o
                0x10006258                __pre_init_runtime_init_mutex
 .preinit_array.10080
                0x1000625c        0x4 CMakeFiles/pico.dir/pico-sdk/src/rp2_common/pico_runtime_init/runtime_init.c.o
                0x1000625c                __pre_init_runtime_init_install_ram_vector_table
 .preinit_array.11000
                0x10006260        0x4 CMakeFiles/pico.dir/pico-sdk/src/common/pico_time/time.c.o
                0x10006260                __pre_init_runtime_init_default_alarm_pool
 .preinit_array.YYYYY
                0x10006264        0x4 CMakeFiles/pico.dir/pico-sdk/src/rp2_common/pico_runtime/runtime.c.o
                0x10006264                __pre_init_first_per_core_initializer
 .preinit_array.ZZZZZ.01200
                0x10006268        0x4 CMakeFiles/pico.dir/pico-sdk/src/rp2_common/hardware_irq/irq.c.o
                0x10006268                __pre_init_runtime_init_per_core_irq_priorities
 *(.preinit_array)
                0x1000626c                        PROVIDE (__preinit_array_end = .)
                0x1000626c                        . = ALIGN (0x4)
                0x1000626c                        PROVIDE (__init_array_start = .)
 *(SORT_BY_NAME(.init_array.*))
 .init_array.01000
                0x1000626c        0x4 CMakeFiles/pico.dir/pico-sdk/src/rp2_common/pico_unique_id/unique_id.c.o
 *(.init_array)
 .init_array    0x10006270        0x4 /Applications/ArmGNUToolchain/14.3.rel1/arm-none-eabi/bin/../lib/gcc/arm-none-eabi/14.3.1/thumb/v6-m/nofp/crtbegin.o
 .init_array    0x10006274        0x4 CMakeFiles/pico.dir/freertos/FreeRTOS-Kernel/portable/ThirdParty/GCC/RP2040/port.c.o
                0x10006278                        PROVIDE (__init_array_end = .)
                0x10006278                        . = ALIGN (0x4)
                [!provide]                        PROVIDE (__fini_array_start = .)
 *(SORT_BY_NAME(.fini_array.*))
 *(.fini_array)
                [!provide]                        PROVIDE (__fini_array_end = .)
 *(.eh_frame*)
 .eh_frame      0x10006278        0x0 /Applications/ArmGNUToolchain/14.3.rel1/arm-none-eabi/bin/../lib/gcc/arm-none-eabi/14.3.1/thumb/v6-m/nofp/crtbegin.o
                0x10006278                        . = ALIGN (0x4)

.glue_7         0x10006278        0x0
 .glue_7        0x10006278        0x0 linker stubs

.glue_7t        0x10006278        0x0
 .glue_7t       0x10006278        0x0 linker stubs

.vfp11_veneer   0x10006278        0x0
 .vfp11_veneer  0x10006278        0x0 linker stubs

.v4_bx          0x10006278        0x0
 .v4_bx         0x10006278        0x0 linker stubs

.iplt           0x10006278        0x0
 .iplt          0x10006278        0x0 /Applications/ArmGNUToolchain/14.3.rel1/arm-none-eabi/bin/../lib/gcc/arm-none-eabi/14.3.1/thumb/v6-m/nofp/crtbegin.o

.rodata         0x10006278      0x3e8
 *(EXCLUDE_FILE(*libm.a: *libc.a:*lib_a-mem*.o *libgcc.a:) .rodata*)
 .rodata.vApplicationStackOverflowHook.str1.4
                0x10006278      0x144 CMakeFiles/pico.dir/main.c.o
                                 0x14 (size before relaxing)
 .rodata.vApplicationMallocFailedHook.str1.4
                0x100063bc        0xe CMakeFiles/pico.dir/main.c.o
 .rodata.main.str1.4
                0x100063bc       0x21 CMakeFiles/pico.dir/main.c.o
 .rodata.FULLSTEP4
                0x100063bc        0x4 CMakeFiles/pico.dir/main.c.o
 .rodata        0x100063c0       0x14 CMakeFiles/pico.dir/main.c.o
 .rodata.uxTopUsedPriority
                0x100063d4        0x4 CMakeFiles/pico.dir/freertos/FreeRTOS-Kernel/tasks.c.o
 .rodata.prvTimerTask
                0x100063d8       0x28 CMakeFiles/pico.dir/freertos/FreeRTOS-Kernel/timers.c.o
 .rodata.xTimerCreateTimerTask.str1.4
                0x10006400       0x10 CMakeFiles/pico.dir/freertos/FreeRTOS-Kernel/timers.c.o
 .rodata.panic.str1.4
                0x10006400       0x12 CMakeFiles/pico.dir/pico-sdk/src/rp2_common/pico_platform_panic/panic.c.o
 .rodata.panic_unsupported.str1.4
                0x10006400        0xe CMakeFiles/pico.dir/pico-sdk/src/rp2_common/pico_platform_panic/panic.c.o
 .rodata.timer_hardware_alarm_claim.str1.4
                0x10006400       0x22 CMakeFiles/pico.dir/pico-sdk/src/rp2_common/hardware_timer/timer.c.o
 .rodata.hard_assertion_failure.str1.4
                0x10006400        0xc CMakeFiles/pico.dir/pico-sdk/src/rp2_common/pico_runtime/runtime.c.o
 .rodata.missing_double_func_shim.str1.4
                0x10006400       0x18 CMakeFiles/pico.dir/pico-sdk/src/rp2_common/pico_double/double_init_rom_rp2040.c.o
 .rodata.missing_float_func_shim.str1.4
                0x10006400        0x1 CMakeFiles/pico.dir/pico-sdk/src/rp2_common/pico_float/float_init_rom_rp2040.c.o
 .rodata.str1.4
                0x10006400       0x3c CMakeFiles/pico.dir/pico-sdk/src/rp2_common/pico_standard_binary_info/standard_binary_info.c.o
 .rodata.__bi_84
                0x10006400        0xc CMakeFiles/pico.dir/pico-sdk/src/rp2_common/pico_standard_binary_info/standard_binary_info.c.o
 .rodata.__bi_78
                0x1000640c        0xc CMakeFiles/pico.dir/pico-sdk/src/rp2_common/pico_standard_binary_info/standard_binary_info.c.o
 .rodata.__bi_54
                0x10006418        0xc CMakeFiles/pico.dir/pico-sdk/src/rp2_common/pico_standard_binary_info/standard_binary_info.c.o
 .rodata.__bi_48
                0x10006424        0xc CMakeFiles/pico.dir/pico-sdk/src/rp2_common/pico_standard_binary_info/standard_binary_info.c.o
 .rodata.__bi_42
                0x10006430        0xc CMakeFiles/pico.dir/pico-sdk/src/rp2_common/pico_standard_binary_info/standard_binary_info.c.o
 .rodata.__bi_34
                0x1000643c        0xc CMakeFiles/pico.dir/pico-sdk/src/rp2_common/pico_standard_binary_info/standard_binary_info.c.o
 .rodata.__bi_26
                0x10006448        0xc CMakeFiles/pico.dir/pico-sdk/src/rp2_common/pico_standard_binary_info/standard_binary_info.c.o
 .rodata._ftoa.str1.4
                0x10006454       0x15 CMakeFiles/pico.dir/pico-sdk/src/rp2_common/pico_printf/printf.c.o
 .rodata._vsnprintf
                0x10006454      0x19c CMakeFiles/pico.dir/pico-sdk/src/rp2_common/pico_printf/printf.c.o
 .rodata.pow10.0
                0x100065f0       0x50 CMakeFiles/pico.dir/pico-sdk/src/rp2_common/pico_printf/printf.c.o
 .rodata.crlf_str.0
                0x10006640        0x2 CMakeFiles/pico.dir/pico-sdk/src/rp2_common/pico_stdio/stdio.c.o
 .rodata.str1.4
                0x10006642       0x2c CMakeFiles/pico.dir/pico-sdk/src/rp2_common/pico_stdio_uart/stdio_uart.c.o
 *fill*         0x10006642        0x2 
 .rodata.__bi_45.4
                0x10006644        0xc CMakeFiles/pico.dir/pico-sdk/src/rp2_common/pico_stdio_uart/stdio_uart.c.o
 .rodata.__bi_49.5
                0x10006650        0x8 CMakeFiles/pico.dir/pico-sdk/src/rp2_common/pico_stdio_uart/stdio_uart.c.o
 .rodata.__bi_50.6
                0x10006658        0x8 CMakeFiles/pico.dir/pico-sdk/src/rp2_common/pico_stdio_uart/stdio_uart.c.o
                0x10006660                        . = ALIGN (0x4)
 *(SORT_BY_ALIGNMENT(SORT_BY_NAME(.flashdata*)))
                0x10006660                        . = ALIGN (0x4)

.ARM.extab
 *(.ARM.extab* .gnu.linkonce.armextab.*)
                0x10006660                        __exidx_start = .

.ARM.exidx
 *(.ARM.exidx* .gnu.linkonce.armexidx.*)
                0x10006660                        __exidx_end = .
                0x10006660                        . = ALIGN (0x4)
                0x10006660                        __binary_info_start = .

.binary_info    0x10006660       0x28
 *(.binary_info.keep.*)
 .binary_info.keep.__bi_ptr84
                0x10006660        0x4 CMakeFiles/pico.dir/pico-sdk/src/rp2_common/pico_standard_binary_info/standard_binary_info.c.o
 .binary_info.keep.__bi_ptr78
                0x10006664        0x4 CMakeFiles/pico.dir/pico-sdk/src/rp2_common/pico_standard_binary_info/standard_binary_info.c.o
 .binary_info.keep.__bi_ptr54
                0x10006668        0x4 CMakeFiles/pico.dir/pico-sdk/src/rp2_common/pico_standard_binary_info/standard_binary_info.c.o
 .binary_info.keep.__bi_ptr48
                0x1000666c        0x4 CMakeFiles/pico.dir/pico-sdk/src/rp2_common/pico_standard_binary_info/standard_binary_info.c.o
 .binary_info.keep.__bi_ptr42
                0x10006670        0x4 CMakeFiles/pico.dir/pico-sdk/src/rp2_common/pico_standard_binary_info/standard_binary_info.c.o
 .binary_info.keep.__bi_ptr34
                0x10006674        0x4 CMakeFiles/pico.dir/pico-sdk/src/rp2_common/pico_standard_binary_info/standard_binary_info.c.o
 .binary_info.keep.__bi_ptr26
                0x10006678        0x4 CMakeFiles/pico.dir/pico-sdk/src/rp2_common/pico_standard_binary_info/standard_binary_info.c.o
 *(.binary_info.*)
 .binary_info.__bi_ptr50
                0x1000667c        0x4 CMakeFiles/pico.dir/pico-sdk/src/rp2_common/pico_stdio_uart/stdio_uart.c.o
 .binary_info.__bi_ptr49
                0x10006680        0x4 CMakeFiles/pico.dir/pico-sdk/src/rp2_common/pico_stdio_uart/stdio_uart.c.o
 .binary_info.__bi_ptr45
                0x10006684        0x4 CMakeFiles/pico.dir/pico-sdk/src/rp2_common/pico_stdio_uart/stdio_uart.c.o
                0x10006688                        __binary_info_end = .
                0x10006688                        . = ALIGN (0x4)

.ram_vector_table
                0x20000000       0xc0
 *(.ram_vector_table)
 .ram_vector_table
                0x20000000       0xc0 CMakeFiles/pico.dir/pico-sdk/src/rp2_common/pico_runtime_init/runtime_init.c.o
                0x20000000                ram_vector_table

.uninitialized_data
                0x200000c0        0x0
                0x200000c0                        . = ALIGN (0x4)
 *(.uninitialized_data*)

.data           0x200000c0      0x3a0 load address 0x10006688
                0x200000c0                        __data_start__ = .
 *(vtable)
 *(.time_critical*)
 .time_critical.mutex_try_enter_block_until
                0x200000c0       0x98 CMakeFiles/pico.dir/pico-sdk/src/common/pico_sync/mutex.c.o
                0x200000c0                mutex_try_enter_block_until
 .time_critical.mutex_exit
                0x20000158       0x28 CMakeFiles/pico.dir/pico-sdk/src/common/pico_sync/mutex.c.o
                0x20000158                mutex_exit
 .time_critical.flash_init_boot2_copyout
                0x20000180       0x30 CMakeFiles/pico.dir/pico-sdk/src/rp2_common/hardware_flash/flash.c.o
 .time_critical.flash_enable_xip_via_boot2
                0x200001b0        0xc CMakeFiles/pico.dir/pico-sdk/src/rp2_common/hardware_flash/flash.c.o
 .time_critical.flash_save_hardware_state
                0x200001bc       0x20 CMakeFiles/pico.dir/pico-sdk/src/rp2_common/hardware_flash/flash.c.o
 .time_critical.flash_restore_hardware_state
                0x200001dc       0x20 CMakeFiles/pico.dir/pico-sdk/src/rp2_common/hardware_flash/flash.c.o
 .time_critical.flash_cs_force
                0x200001fc       0x38 CMakeFiles/pico.dir/pico-sdk/src/rp2_common/hardware_flash/flash.c.o
 .time_critical.flash_do_cmd
                0x20000234      0x13c CMakeFiles/pico.dir/pico-sdk/src/rp2_common/hardware_flash/flash.c.o
                0x20000234                flash_do_cmd
 *(.text*)
 .text          0x20000370        0x4 /Applications/ArmGNUToolchain/14.3.rel1/arm-none-eabi/bin/../lib/gcc/arm-none-eabi/14.3.1/thumb/v6-m/nofp/libgcc.a(_dvmd_tls.o)
                0x20000370                __aeabi_ldiv0
                0x20000370                __aeabi_idiv0
 *fill*         0x20000374        0x4 
 .text.__stub   0x20000378       0x10 linker stubs
                0x20000388                        . = ALIGN (0x4)
 *(.rodata*)
                0x20000388                        . = ALIGN (0x4)
 *(.data*)
 .data.m3.0     0x20000388       0x10 CMakeFiles/pico.dir/main.c.o
 .data.m2.1     0x20000398       0x10 CMakeFiles/pico.dir/main.c.o
 .data.m1.2     0x200003a8       0x10 CMakeFiles/pico.dir/main.c.o
 .data.ucPrimaryCoreNum
                0x200003b8        0x1 CMakeFiles/pico.dir/freertos/FreeRTOS-Kernel/portable/ThirdParty/GCC/RP2040/port.c.o
 .data.striped_spin_lock_num
                0x200003b9        0x1 CMakeFiles/pico.dir/pico-sdk/src/rp2_common/hardware_sync/sync.c.o
 *fill*         0x200003ba        0x2 
 .data          0x200003bc       0x48 CMakeFiles/pico.dir/pico-sdk/src/rp2_common/hardware_irq/irq_handler_chain.S.o
                0x200003bc                irq_handler_chain_slots
                0x200003ec                irq_handler_chain_first_slot
                0x200003f6                irq_handler_chain_remove_tail
 .data.default_alarm_pool
                0x20000404       0x18 CMakeFiles/pico.dir/pico-sdk/src/common/pico_time/time.c.o
 *fill*         0x2000041c        0x4 
 .data.aeabi_bits_funcs
                0x20000420       0x10 CMakeFiles/pico.dir/pico-sdk/src/rp2_common/pico_bit_ops/bit_ops_aeabi.S.o
                0x20000420                aeabi_bits_funcs
                0x20000430                aeabi_bits_funcs_end
 .data.aeabi_mem_funcs
                0x20000430       0x10 CMakeFiles/pico.dir/pico-sdk/src/rp2_common/pico_mem_ops/mem_ops_aeabi.S.o
                0x20000430                aeabi_mem_funcs
                0x20000440                aeabi_mem_funcs_end
 .data.stdio_uart
                0x20000440       0x18 CMakeFiles/pico.dir/pico-sdk/src/rp2_common/pico_stdio_uart/stdio_uart.c.o
                0x20000440                stdio_uart
                0x20000458                        . = ALIGN (0x4)
 *(.after_data.*)
                0x20000458                        . = ALIGN (0x4)
                0x20000458                        PROVIDE (__mutex_array_start = .)
 *(SORT_BY_NAME(.mutex_array.*))
 *(.mutex_array)
 .mutex_array   0x20000458        0x8 CMakeFiles/pico.dir/pico-sdk/src/rp2_common/pico_stdio/stdio.c.o
                0x20000460                        PROVIDE (__mutex_array_end = .)
                0x20000460                        . = ALIGN (0x4)
 *(.jcr)
                0x20000460                        . = ALIGN (0x4)

.tm_clone_table
                0x20000460        0x0 load address 0x10006a28
 .tm_clone_table
                0x20000460        0x0 /Applications/ArmGNUToolchain/14.3.rel1/arm-none-eabi/bin/../lib/gcc/arm-none-eabi/14.3.1/thumb/v6-m/nofp/crtbegin.o
 .tm_clone_table
                0x20000460        0x0 /Applications/ArmGNUToolchain/14.3.rel1/arm-none-eabi/bin/../lib/gcc/arm-none-eabi/14.3.1/thumb/v6-m/nofp/crtend.o

.igot.plt       0x20000460        0x0 load address 0x10006a28
 .igot.plt      0x20000460        0x0 /Applications/ArmGNUToolchain/14.3.rel1/arm-none-eabi/bin/../lib/gcc/arm-none-eabi/14.3.1/thumb/v6-m/nofp/crtbegin.o

.tdata          0x20000460        0x0 load address 0x10006a28
                0x20000460                        . = ALIGN (0x4)
 *(.tdata .tdata.* .gnu.linkonce.td.*)
                0x20000460                        __tdata_end = .
                0x20000460                        PROVIDE (__data_end__ = .)
                0x10006688                        __etext = LOADADDR (.data)

.tbss           0x20000460        0x0 load address 0x10006a28
                0x20000460                        . = ALIGN (0x4)
                0x20000460                        __bss_start__ = .
                0x20000460                        __tls_base = .
 *(.tbss .tbss.* .gnu.linkonce.tb.*)
 *(.tcommon)
                0x20000460                        __tls_end = .

.bss            0x20000460     0x86f0 load address 0x10006a28
                0x20000460                        . = ALIGN (0x4)
                0x20000460                        __tbss_end = .
 *(SORT_BY_ALIGNMENT(SORT_BY_NAME(.bss*)))
 .bss.default_alarm_pool_entries
                0x20000460      0x180 CMakeFiles/pico.dir/pico-sdk/src/common/pico_time/time.c.o
 .bss.sd_table  0x200005e0      0x100 CMakeFiles/pico.dir/pico-sdk/src/rp2_common/pico_double/double_init_rom_rp2040.c.o
                0x200005e0                sd_table
 .bss.xQueueRegistry
                0x200006e0       0x50 CMakeFiles/pico.dir/freertos/FreeRTOS-Kernel/queue.c.o
                0x200006e0                xQueueRegistry
 .bss.boot2_copyout
                0x20000730      0x100 CMakeFiles/pico.dir/pico-sdk/src/rp2_common/hardware_flash/flash.c.o
 .bss.chars_available_callback
                0x20000830        0x4 CMakeFiles/pico.dir/pico-sdk/src/rp2_common/pico_stdio_uart/stdio_uart.c.o
 .bss.chars_available_param
                0x20000834        0x4 CMakeFiles/pico.dir/pico-sdk/src/rp2_common/pico_stdio_uart/stdio_uart.c.o
 .bss.claimed   0x20000838        0x1 CMakeFiles/pico.dir/pico-sdk/src/rp2_common/hardware_timer/timer.c.o
 *fill*         0x20000839        0x3 
 .bss.configured_freq
                0x2000083c       0x28 CMakeFiles/pico.dir/pico-sdk/src/rp2_common/hardware_clocks/clocks.c.o
 .bss.drivers   0x20000864        0x4 CMakeFiles/pico.dir/pico-sdk/src/rp2_common/pico_stdio/stdio.c.o
 .bss.filter    0x20000868        0x4 CMakeFiles/pico.dir/pico-sdk/src/rp2_common/pico_stdio/stdio.c.o
 .bss.head      0x2000086c       0x34 CMakeFiles/pico.dir/main.c.o
 .bss.idleTaskStack.5
                0x200008a0      0x200 CMakeFiles/pico.dir/main.c.o
 .bss.idleTaskTCB.6
                0x20000aa0       0x78 CMakeFiles/pico.dir/main.c.o
 .bss.lazy_vsnprintf
                0x20000b18        0x4 CMakeFiles/pico.dir/pico-sdk/src/rp2_common/pico_printf/printf.c.o
 .bss.object.0  0x20000b1c       0x18 /Applications/ArmGNUToolchain/14.3.rel1/arm-none-eabi/bin/../lib/gcc/arm-none-eabi/14.3.1/thumb/v6-m/nofp/crtbegin.o
 .bss.pools     0x20000b34       0x10 CMakeFiles/pico.dir/pico-sdk/src/common/pico_time/time.c.o
 .bss.pxCrossCoreSpinLock
                0x20000b44        0x4 CMakeFiles/pico.dir/freertos/FreeRTOS-Kernel/portable/ThirdParty/GCC/RP2040/port.c.o
 .bss.pxCurrentTCB
                0x20000b48        0x4 CMakeFiles/pico.dir/freertos/FreeRTOS-Kernel/tasks.c.o
                0x20000b48                pxCurrentTCB
 .bss.pxCurrentTimerList
                0x20000b4c        0x4 CMakeFiles/pico.dir/freertos/FreeRTOS-Kernel/timers.c.o
 .bss.pxDelayedTaskList
                0x20000b50        0x4 CMakeFiles/pico.dir/freertos/FreeRTOS-Kernel/tasks.c.o
 .bss.pxEnd     0x20000b54        0x4 CMakeFiles/pico.dir/freertos/FreeRTOS-Kernel/portable/MemMang/heap_4.c.o
 .bss.pxOverflowDelayedTaskList
                0x20000b58        0x4 CMakeFiles/pico.dir/freertos/FreeRTOS-Kernel/tasks.c.o
 .bss.pxOverflowTimerList
                0x20000b5c        0x4 CMakeFiles/pico.dir/freertos/FreeRTOS-Kernel/timers.c.o
 .bss.pxReadyTasksLists
                0x20000b60       0x64 CMakeFiles/pico.dir/freertos/FreeRTOS-Kernel/tasks.c.o
 .bss.retrieved_id
                0x20000bc4        0x8 CMakeFiles/pico.dir/pico-sdk/src/rp2_common/pico_unique_id/unique_id.c.o
 .bss.sf_clz_func
                0x20000bcc        0x4 CMakeFiles/pico.dir/pico-sdk/src/rp2_common/pico_double/double_init_rom_rp2040.c.o
                0x20000bcc                sf_clz_func
 .bss.sf_table  0x20000bd0      0x100 CMakeFiles/pico.dir/pico-sdk/src/rp2_common/pico_float/float_init_rom_rp2040.c.o
                0x20000bd0                sf_table
 .bss.sleep_notifier
                0x20000cd0        0x4 CMakeFiles/pico.dir/pico-sdk/src/common/pico_time/time.c.o
 .bss.timerTaskStack.3
                0x20000cd4      0x400 CMakeFiles/pico.dir/main.c.o
 .bss.timerTaskTCB.4
                0x200010d4       0x78 CMakeFiles/pico.dir/main.c.o
 .bss.uart_char_to_line_feed
                0x2000114c        0x4 CMakeFiles/pico.dir/pico-sdk/src/rp2_common/hardware_uart/uart.c.o
                0x2000114c                uart_char_to_line_feed
 .bss.uart_instance
                0x20001150        0x4 CMakeFiles/pico.dir/pico-sdk/src/rp2_common/pico_stdio_uart/stdio_uart.c.o
 .bss.ucHeap    0x20001154     0x7800 CMakeFiles/pico.dir/freertos/FreeRTOS-Kernel/portable/MemMang/heap_4.c.o
 .bss.ucStaticTimerQueueStorage.1
                0x20008954       0xa0 CMakeFiles/pico.dir/freertos/FreeRTOS-Kernel/timers.c.o
 .bss.uxCriticalNesting
                0x200089f4        0x4 CMakeFiles/pico.dir/freertos/FreeRTOS-Kernel/portable/ThirdParty/GCC/RP2040/port.c.o
 .bss.uxCurrentNumberOfTasks
                0x200089f8        0x4 CMakeFiles/pico.dir/freertos/FreeRTOS-Kernel/tasks.c.o
 .bss.uxDeletedTasksWaitingCleanUp
                0x200089fc        0x4 CMakeFiles/pico.dir/freertos/FreeRTOS-Kernel/tasks.c.o
 .bss.uxSchedulerSuspended
                0x20008a00        0x4 CMakeFiles/pico.dir/freertos/FreeRTOS-Kernel/tasks.c.o
 .bss.uxTaskNumber
                0x20008a04        0x4 CMakeFiles/pico.dir/freertos/FreeRTOS-Kernel/tasks.c.o
 .bss.uxTopReadyPriority
                0x20008a08        0x4 CMakeFiles/pico.dir/freertos/FreeRTOS-Kernel/tasks.c.o
 .bss.xActiveTimerList1
                0x20008a0c       0x14 CMakeFiles/pico.dir/freertos/FreeRTOS-Kernel/timers.c.o
 .bss.xActiveTimerList2
                0x20008a20       0x14 CMakeFiles/pico.dir/freertos/FreeRTOS-Kernel/timers.c.o
 .bss.xDelayedTaskList1
                0x20008a34       0x14 CMakeFiles/pico.dir/freertos/FreeRTOS-Kernel/tasks.c.o
 .bss.xDelayedTaskList2
                0x20008a48       0x14 CMakeFiles/pico.dir/freertos/FreeRTOS-Kernel/tasks.c.o
 .bss.xEventGroup
                0x20008a5c        0x4 CMakeFiles/pico.dir/freertos/FreeRTOS-Kernel/portable/ThirdParty/GCC/RP2040/port.c.o
 .bss.xFreeBytesRemaining
                0x20008a60        0x4 CMakeFiles/pico.dir/freertos/FreeRTOS-Kernel/portable/MemMang/heap_4.c.o
 .bss.xIdleTaskHandles
                0x20008a64        0x4 CMakeFiles/pico.dir/freertos/FreeRTOS-Kernel/tasks.c.o
 .bss.xLastTime.2
                0x20008a68        0x4 CMakeFiles/pico.dir/freertos/FreeRTOS-Kernel/timers.c.o
 .bss.xMinimumEverFreeBytesRemaining
                0x20008a6c        0x4 CMakeFiles/pico.dir/freertos/FreeRTOS-Kernel/portable/MemMang/heap_4.c.o
 .bss.xNextTaskUnblockTime
                0x20008a70        0x4 CMakeFiles/pico.dir/freertos/FreeRTOS-Kernel/tasks.c.o
 .bss.xNumOfOverflows
                0x20008a74        0x4 CMakeFiles/pico.dir/freertos/FreeRTOS-Kernel/tasks.c.o
 .bss.xNumberOfSuccessfulAllocations
                0x20008a78        0x4 CMakeFiles/pico.dir/freertos/FreeRTOS-Kernel/portable/MemMang/heap_4.c.o
 .bss.xNumberOfSuccessfulFrees
                0x20008a7c        0x4 CMakeFiles/pico.dir/freertos/FreeRTOS-Kernel/portable/MemMang/heap_4.c.o
 .bss.xPendedTicks
                0x20008a80        0x4 CMakeFiles/pico.dir/freertos/FreeRTOS-Kernel/tasks.c.o
 .bss.xPendingReadyList
                0x20008a84       0x14 CMakeFiles/pico.dir/freertos/FreeRTOS-Kernel/tasks.c.o
 .bss.xSchedulerRunning
                0x20008a98        0x4 CMakeFiles/pico.dir/freertos/FreeRTOS-Kernel/tasks.c.o
 .bss.xStart    0x20008a9c        0x8 CMakeFiles/pico.dir/freertos/FreeRTOS-Kernel/portable/MemMang/heap_4.c.o
 .bss.xStaticEventGroup
                0x20008aa4       0x20 CMakeFiles/pico.dir/freertos/FreeRTOS-Kernel/portable/ThirdParty/GCC/RP2040/port.c.o
 .bss.xStaticTimerQueue.0
                0x20008ac4       0x50 CMakeFiles/pico.dir/freertos/FreeRTOS-Kernel/timers.c.o
 .bss.xSuspendedTaskList
                0x20008b14       0x14 CMakeFiles/pico.dir/freertos/FreeRTOS-Kernel/tasks.c.o
 .bss.xTasksWaitingTermination
                0x20008b28       0x14 CMakeFiles/pico.dir/freertos/FreeRTOS-Kernel/tasks.c.o
 .bss.xTickCount
                0x20008b3c        0x4 CMakeFiles/pico.dir/freertos/FreeRTOS-Kernel/tasks.c.o
 .bss.xTimerQueue
                0x20008b40        0x4 CMakeFiles/pico.dir/freertos/FreeRTOS-Kernel/timers.c.o
 .bss.xTimerTaskHandle
                0x20008b44        0x4 CMakeFiles/pico.dir/freertos/FreeRTOS-Kernel/timers.c.o
 .bss.xYieldPendings
                0x20008b48        0x4 CMakeFiles/pico.dir/freertos/FreeRTOS-Kernel/tasks.c.o
 .bss.boot2_copyout_valid
                0x20008b4c        0x1 CMakeFiles/pico.dir/pico-sdk/src/rp2_common/hardware_flash/flash.c.o
 .bss.irq_handler_chain_free_slot_head
                0x20008b4d        0x1 CMakeFiles/pico.dir/pico-sdk/src/rp2_common/hardware_irq/irq.c.o
 *(COMMON)
                0x20008b50                        . = ALIGN (0x4)
 *fill*         0x20008b4e        0x2 
                0x20008b50                        __bss_end__ = .

.heap           0x20008b50      0x800 load address 0x10006a28
                0x20008b50                        __end__ = .
                0x20008b50                        end = __end__
 *(.heap*)
 .heap          0x20008b50      0x800 CMakeFiles/pico.dir/pico-sdk/src/rp2_common/pico_crt0/crt0.S.o
                0x20040000                        __HeapLimit = (ORIGIN (RAM) + LENGTH (RAM))

.scratch_x      0x20040000        0x0 load address 0x10006a28
                0x20040000                        __scratch_x_start__ = .
 *(.scratch_x.*)
                0x20040000                        . = ALIGN (0x4)
                0x20040000                        __scratch_x_end__ = .
                0x10006a28                        __scratch_x_source__ = LOADADDR (.scratch_x)

.scratch_y      0x20041000        0x0 load address 0x10006a28
                0x20041000                        __scratch_y_start__ = .
 *(.scratch_y.*)
                0x20041000                        . = ALIGN (0x4)
                0x20041000                        __scratch_y_end__ = .
                0x10006a28                        __scratch_y_source__ = LOADADDR (.scratch_y)

.stack1_dummy
 *(.stack1*)

.stack_dummy    0x20041000      0x800
 *(.stack*)
 .stack         0x20041000      0x800 CMakeFiles/pico.dir/pico-sdk/src/rp2_common/pico_crt0/crt0.S.o

.rel.dyn        0x20041800        0x0
 .rel.iplt      0x20041800        0x0 /Applications/ArmGNUToolchain/14.3.rel1/arm-none-eabi/bin/../lib/gcc/arm-none-eabi/14.3.1/thumb/v6-m/nofp/crtbegin.o

.flash_end      0x10006a28        0x0
 *(.embedded_end_block*)
                0x10006a28                        PROVIDE (__flash_binary_end = .)
                0x20040000                        __StackLimit = (ORIGIN (RAM) + LENGTH (RAM))
                0x20041000                        __StackOneTop = (ORIGIN (SCRATCH_X) + LENGTH (SCRATCH_X))
                0x20042000                        __StackTop = (ORIGIN (SCRATCH_Y) + LENGTH (SCRATCH_Y))
                0x20041000                        __StackOneBottom = (__StackOneTop - SIZEOF (.stack1_dummy))
                0x20041800                        __StackBottom = (__StackTop - SIZEOF (.stack_dummy))
                0x20042000                        PROVIDE (__stack = __StackTop)
                [!provide]                        PROVIDE (__heap_start = __end__)
                [!provide]                        PROVIDE (__heap_end = __HeapLimit)
                [!provide]                        PROVIDE (__tls_align = MAX (ALIGNOF (.tdata), ALIGNOF (.tbss)))
                [!provide]                        PROVIDE (__tls_size_align = (((__tls_size + __tls_align) - 0x1) & ~ ((__tls_align - 0x1))))
                [!provide]                        PROVIDE (__arm32_tls_tcb_offset = MAX (0x8, __tls_align))
                [!provide]                        PROVIDE (_end = __end__)
                [!provide]                        PROVIDE (__llvm_libc_heap_limit = __HeapLimit)
                0x00000001                        ASSERT ((__StackLimit >= __HeapLimit), region RAM overflowed)
                0x00000001                        ASSERT (((__binary_info_header_end - __logical_binary_start) <= 0x100), Binary info must be in first 256 bytes of the binary)
LOAD CMakeFiles/pico.dir/main.c.o
LOAD CMakeFiles/pico.dir/freertos/FreeRTOS-Kernel/list.c.o
LOAD CMakeFiles/pico.dir/freertos/FreeRTOS-Kernel/queue.c.o
LOAD CMakeFiles/pico.dir/freertos/FreeRTOS-Kernel/tasks.c.o
LOAD CMakeFiles/pico.dir/freertos/FreeRTOS-Kernel/timers.c.o
LOAD CMakeFiles/pico.dir/freertos/FreeRTOS-Kernel/event_groups.c.o
LOAD CMakeFiles/pico.dir/freertos/FreeRTOS-Kernel/portable/ThirdParty/GCC/RP2040/port.c.o
LOAD CMakeFiles/pico.dir/freertos/FreeRTOS-Kernel/portable/MemMang/heap_4.c.o
LOAD CMakeFiles/pico.dir/pico-sdk/src/rp2_common/pico_stdlib/stdlib.c.o
LOAD CMakeFiles/pico.dir/pico-sdk/src/rp2_common/hardware_gpio/gpio.c.o
LOAD CMakeFiles/pico.dir/pico-sdk/src/rp2040/pico_platform/platform.c.o
LOAD CMakeFiles/pico.dir/pico-sdk/src/rp2_common/pico_platform_common/common.c.o
LOAD CMakeFiles/pico.dir/pico-sdk/src/rp2_common/pico_platform_panic/panic.c.o
LOAD CMakeFiles/pico.dir/pico-sdk/src/common/hardware_claim/claim.c.o
LOAD CMakeFiles/pico.dir/pico-sdk/src/rp2_common/hardware_sync/sync.c.o
LOAD CMakeFiles/pico.dir/pico-sdk/src/rp2_common/hardware_sync_spin_lock/sync_spin_lock.c.o
LOAD CMakeFiles/pico.dir/pico-sdk/src/rp2_common/hardware_irq/irq.c.o
LOAD CMakeFiles/pico.dir/pico-sdk/src/rp2_common/hardware_irq/irq_handler_chain.S.o
LOAD CMakeFiles/pico.dir/pico-sdk/src/common/pico_sync/sem.c.o
LOAD CMakeFiles/pico.dir/pico-sdk/src/common/pico_sync/lock_core.c.o
LOAD CMakeFiles/pico.dir/pico-sdk/src/common/pico_sync/mutex.c.o
LOAD CMakeFiles/pico.dir/pico-sdk/src/common/pico_sync/critical_section.c.o
LOAD CMakeFiles/pico.dir/pico-sdk/src/common/pico_time/time.c.o
LOAD CMakeFiles/pico.dir/pico-sdk/src/common/pico_time/timeout_helper.c.o
LOAD CMakeFiles/pico.dir/pico-sdk/src/rp2_common/hardware_timer/timer.c.o
LOAD CMakeFiles/pico.dir/pico-sdk/src/common/pico_util/datetime.c.o
LOAD CMakeFiles/pico.dir/pico-sdk/src/common/pico_util/pheap.c.o
LOAD CMakeFiles/pico.dir/pico-sdk/src/common/pico_util/queue.c.o
LOAD CMakeFiles/pico.dir/pico-sdk/src/rp2_common/hardware_uart/uart.c.o
LOAD CMakeFiles/pico.dir/pico-sdk/src/rp2_common/hardware_clocks/clocks.c.o
LOAD CMakeFiles/pico.dir/pico-sdk/src/rp2_common/hardware_pll/pll.c.o
LOAD CMakeFiles/pico.dir/pico-sdk/src/rp2_common/hardware_vreg/vreg.c.o
LOAD CMakeFiles/pico.dir/pico-sdk/src/rp2_common/hardware_watchdog/watchdog.c.o
LOAD CMakeFiles/pico.dir/pico-sdk/src/rp2_common/hardware_ticks/ticks.c.o
LOAD CMakeFiles/pico.dir/pico-sdk/src/rp2_common/pico_bootrom/bootrom.c.o
LOAD CMakeFiles/pico.dir/pico-sdk/src/rp2_common/pico_bootrom/bootrom_lock.c.o
LOAD CMakeFiles/pico.dir/pico-sdk/src/rp2_common/hardware_boot_lock/boot_lock.c.o
LOAD CMakeFiles/pico.dir/pico-sdk/src/rp2_common/pico_flash/flash.c.o
LOAD CMakeFiles/pico.dir/pico-sdk/src/rp2_common/hardware_xosc/xosc.c.o
LOAD CMakeFiles/pico.dir/pico-sdk/src/rp2_common/hardware_divider/divider.S.o
LOAD CMakeFiles/pico.dir/pico-sdk/src/rp2_common/pico_runtime/runtime.c.o
LOAD CMakeFiles/pico.dir/pico-sdk/src/rp2_common/pico_runtime_init/runtime_init.c.o
LOAD CMakeFiles/pico.dir/pico-sdk/src/rp2_common/pico_runtime_init/runtime_init_clocks.c.o
LOAD CMakeFiles/pico.dir/pico-sdk/src/rp2_common/pico_runtime_init/runtime_init_stack_guard.c.o
LOAD CMakeFiles/pico.dir/pico-sdk/src/rp2_common/pico_bit_ops/bit_ops_aeabi.S.o
LOAD CMakeFiles/pico.dir/pico-sdk/src/rp2_common/pico_divider/divider_hardware.S.o
LOAD CMakeFiles/pico.dir/pico-sdk/src/rp2_common/pico_double/double_aeabi_rp2040.S.o
LOAD CMakeFiles/pico.dir/pico-sdk/src/rp2_common/pico_double/double_init_rom_rp2040.c.o
LOAD CMakeFiles/pico.dir/pico-sdk/src/rp2_common/pico_double/double_math.c.o
LOAD CMakeFiles/pico.dir/pico-sdk/src/rp2_common/pico_double/double_v1_rom_shim_rp2040.S.o
LOAD CMakeFiles/pico.dir/pico-sdk/src/rp2_common/pico_int64_ops/pico_int64_ops_aeabi.S.o
LOAD CMakeFiles/pico.dir/pico-sdk/src/rp2_common/pico_float/float_aeabi_rp2040.S.o
LOAD CMakeFiles/pico.dir/pico-sdk/src/rp2_common/pico_float/float_init_rom_rp2040.c.o
LOAD CMakeFiles/pico.dir/pico-sdk/src/rp2_common/pico_float/float_math.c.o
LOAD CMakeFiles/pico.dir/pico-sdk/src/rp2_common/pico_float/float_v1_rom_shim_rp2040.S.o
LOAD CMakeFiles/pico.dir/pico-sdk/src/rp2_common/pico_malloc/malloc.c.o
LOAD CMakeFiles/pico.dir/pico-sdk/src/rp2_common/pico_mem_ops/mem_ops_aeabi.S.o
LOAD CMakeFiles/pico.dir/pico-sdk/src/rp2_common/pico_atomic/atomic.c.o
LOAD CMakeFiles/pico.dir/pico-sdk/src/rp2_common/pico_cxx_options/new_delete.cpp.o
LOAD CMakeFiles/pico.dir/pico-sdk/src/rp2_common/pico_standard_binary_info/standard_binary_info.c.o
LOAD CMakeFiles/pico.dir/pico-sdk/src/rp2_common/pico_printf/printf.c.o
LOAD CMakeFiles/pico.dir/pico-sdk/src/rp2_common/pico_crt0/crt0.S.o
LOAD CMakeFiles/pico.dir/pico-sdk/src/rp2_common/pico_clib_interface/newlib_interface.c.o
LOAD CMakeFiles/pico.dir/pico-sdk/src/rp2_common/pico_stdio/stdio.c.o
LOAD CMakeFiles/pico.dir/pico-sdk/src/rp2_common/pico_stdio_uart/stdio_uart.c.o
LOAD CMakeFiles/pico.dir/pico-sdk/src/rp2_common/pico_cyw43_arch/cyw43_arch.c.o
LOAD CMakeFiles/pico.dir/pico-sdk/src/rp2_common/pico_cyw43_arch/cyw43_arch_poll.c.o
LOAD CMakeFiles/pico.dir/pico-sdk/src/rp2_common/pico_cyw43_arch/cyw43_arch_threadsafe_background.c.o
LOAD CMakeFiles/pico.dir/pico-sdk/src/rp2_common/pico_cyw43_arch/cyw43_arch_freertos.c.o
LOAD CMakeFiles/pico.dir/pico-sdk/src/rp2_common/pico_unique_id/unique_id.c.o
LOAD CMakeFiles/pico.dir/pico-sdk/src/rp2_common/hardware_flash/flash.c.o
LOAD CMakeFiles/pico.dir/pico-sdk/src/rp2_common/hardware_xip_cache/xip_cache.c.o
LOAD CMakeFiles/pico.dir/pico-sdk/src/rp2_common/pico_cyw43_driver/cyw43_bus_pio_spi.c.o
LOAD CMakeFiles/pico.dir/pico-sdk/lib/cyw43-driver/src/cyw43_ll.c.o
LOAD CMakeFiles/pico.dir/pico-sdk/lib/cyw43-driver/src/cyw43_stats.c.o
LOAD CMakeFiles/pico.dir/pico-sdk/lib/cyw43-driver/src/cyw43_lwip.c.o
LOAD CMakeFiles/pico.dir/pico-sdk/lib/cyw43-driver/src/cyw43_ctrl.c.o
LOAD CMakeFiles/pico.dir/pico-sdk/src/rp2_common/pico_cyw43_driver/cybt_shared_bus/cybt_shared_bus.c.o
LOAD CMakeFiles/pico.dir/pico-sdk/src/rp2_common/pico_cyw43_driver/cybt_shared_bus/cybt_shared_bus_driver.c.o
LOAD CMakeFiles/pico.dir/pico-sdk/src/rp2_common/hardware_pio/pio.c.o
LOAD CMakeFiles/pico.dir/pico-sdk/src/rp2_common/hardware_dma/dma.c.o
LOAD CMakeFiles/pico.dir/pico-sdk/src/rp2_common/hardware_exception/exception.c.o
LOAD CMakeFiles/pico.dir/pico-sdk/src/rp2_common/pico_cyw43_driver/cyw43_driver.c.o
LOAD CMakeFiles/pico.dir/pico-sdk/src/rp2_common/pico_async_context/async_context_threadsafe_background.c.o
LOAD CMakeFiles/pico.dir/pico-sdk/src/rp2_common/pico_async_context/async_context_base.c.o
LOAD pico-sdk/src/rp2040/boot_stage2/CMakeFiles/bs2_default_library.dir/bs2_default_padded_checksummed.S.o
LOAD /Applications/ArmGNUToolchain/14.3.rel1/arm-none-eabi/bin/../lib/gcc/arm-none-eabi/14.3.1/../../../../arm-none-eabi/lib/thumb/v6-m/nofp/libstdc++.a
LOAD /Applications/ArmGNUToolchain/14.3.rel1/arm-none-eabi/bin/../lib/gcc/arm-none-eabi/14.3.1/../../../../arm-none-eabi/lib/thumb/v6-m/nofp/libm.a
START GROUP
LOAD /Applications/ArmGNUToolchain/14.3.rel1/arm-none-eabi/bin/../lib/gcc/arm-none-eabi/14.3.1/thumb/v6-m/nofp/libgcc.a
LOAD /Applications/ArmGNUToolchain/14.3.rel1/arm-none-eabi/bin/../lib/gcc/arm-none-eabi/14.3.1/../../../../arm-none-eabi/lib/thumb/v6-m/nofp/libg.a
LOAD /Applications/ArmGNUToolchain/14.3.rel1/arm-none-eabi/bin/../lib/gcc/arm-none-eabi/14.3.1/../../../../arm-none-eabi/lib/thumb/v6-m/nofp/libc.a
END GROUP
START GROUP
LOAD /Applications/ArmGNUToolchain/14.3.rel1/arm-none-eabi/bin/../lib/gcc/arm-none-eabi/14.3.1/thumb/v6-m/nofp/libgcc.a
LOAD /Applications/ArmGNUToolchain/14.3.rel1/arm-none-eabi/bin/../lib/gcc/arm-none-eabi/14.3.1/../../../../arm-none-eabi/lib/thumb/v6-m/nofp/libc.a
LOAD /Applications/ArmGNUToolchain/14.3.rel1/arm-none-eabi/bin/../lib/gcc/arm-none-eabi/14.3.1/../../../../arm-none-eabi/lib/thumb/v6-m/nofp/libnosys.a
END GROUP
LOAD /Applications/ArmGNUToolchain/14.3.rel1/arm-none-eabi/bin/../lib/gcc/arm-none-eabi/14.3.1/thumb/v6-m/nofp/crtend.o
LOAD /Applications/ArmGNUToolchain/14.3.rel1/arm-none-eabi/bin/../lib/gcc/arm-none-eabi/14.3.1/thumb/v6-m/nofp/crtn.o
OUTPUT(pico.elf elf32-littlearm)
LOAD linker stubs

.ARM.attributes
                0x00000000       0x28
 .ARM.attributes
                0x00000000       0x1e /Applications/ArmGNUToolchain/14.3.rel1/arm-none-eabi/bin/../lib/gcc/arm-none-eabi/14.3.1/thumb/v6-m/nofp/crti.o
 .ARM.attributes
                0x0000001e       0x2c /Applications/ArmGNUToolchain/14.3.rel1/arm-none-eabi/bin/../lib/gcc/arm-none-eabi/14.3.1/thumb/v6-m/nofp/crtbegin.o
 .ARM.attributes
                0x0000004a       0x2c CMakeFiles/pico.dir/main.c.o
 .ARM.attributes
                0x00000076       0x2c CMakeFiles/pico.dir/freertos/FreeRTOS-Kernel/list.c.o
 .ARM.attributes
                0x000000a2       0x2c CMakeFiles/pico.dir/freertos/FreeRTOS-Kernel/queue.c.o
 .ARM.attributes
                0x000000ce       0x2c CMakeFiles/pico.dir/freertos/FreeRTOS-Kernel/tasks.c.o
 .ARM.attributes
                0x000000fa       0x2c CMakeFiles/pico.dir/freertos/FreeRTOS-Kernel/timers.c.o
 .ARM.attributes
                0x00000126       0x2c CMakeFiles/pico.dir/freertos/FreeRTOS-Kernel/event_groups.c.o
 .ARM.attributes
                0x00000152       0x2c CMakeFiles/pico.dir/freertos/FreeRTOS-Kernel/portable/ThirdParty/GCC/RP2040/port.c.o
 .ARM.attributes
                0x0000017e       0x2c CMakeFiles/pico.dir/freertos/FreeRTOS-Kernel/portable/MemMang/heap_4.c.o
 .ARM.attributes
                0x000001aa       0x2c CMakeFiles/pico.dir/pico-sdk/src/rp2_common/hardware_gpio/gpio.c.o
 .ARM.attributes
                0x000001d6       0x2c CMakeFiles/pico.dir/pico-sdk/src/rp2_common/pico_platform_panic/panic.c.o
 .ARM.attributes
                0x00000202       0x2c CMakeFiles/pico.dir/pico-sdk/src/common/hardware_claim/claim.c.o
 .ARM.attributes
                0x0000022e       0x2c CMakeFiles/pico.dir/pico-sdk/src/rp2_common/hardware_sync/sync.c.o
 .ARM.attributes
                0x0000025a       0x2c CMakeFiles/pico.dir/pico-sdk/src/rp2_common/hardware_sync_spin_lock/sync_spin_lock.c.o
 .ARM.attributes
                0x00000286       0x2c CMakeFiles/pico.dir/pico-sdk/src/rp2_common/hardware_irq/irq.c.o
 .ARM.attributes
                0x000002b2       0x22 CMakeFiles/pico.dir/pico-sdk/src/rp2_common/hardware_irq/irq_handler_chain.S.o
 .ARM.attributes
                0x000002d4       0x2c CMakeFiles/pico.dir/pico-sdk/src/common/pico_sync/lock_core.c.o
 .ARM.attributes
                0x00000300       0x2c CMakeFiles/pico.dir/pico-sdk/src/common/pico_sync/mutex.c.o
 .ARM.attributes
                0x0000032c       0x2c CMakeFiles/pico.dir/pico-sdk/src/common/pico_time/time.c.o
 .ARM.attributes
                0x00000358       0x2c CMakeFiles/pico.dir/pico-sdk/src/rp2_common/hardware_timer/timer.c.o
 .ARM.attributes
                0x00000384       0x2c CMakeFiles/pico.dir/pico-sdk/src/rp2_common/hardware_uart/uart.c.o
 .ARM.attributes
                0x000003b0       0x2c CMakeFiles/pico.dir/pico-sdk/src/rp2_common/hardware_clocks/clocks.c.o
 .ARM.attributes
                0x000003dc       0x2c CMakeFiles/pico.dir/pico-sdk/src/rp2_common/hardware_pll/pll.c.o
 .ARM.attributes
                0x00000408       0x2c CMakeFiles/pico.dir/pico-sdk/src/rp2_common/hardware_ticks/ticks.c.o
 .ARM.attributes
                0x00000434       0x2c CMakeFiles/pico.dir/pico-sdk/src/rp2_common/pico_bootrom/bootrom.c.o
 .ARM.attributes
                0x00000460       0x2c CMakeFiles/pico.dir/pico-sdk/src/rp2_common/hardware_xosc/xosc.c.o
 .ARM.attributes
                0x0000048c       0x2c CMakeFiles/pico.dir/pico-sdk/src/rp2_common/pico_runtime/runtime.c.o
 .ARM.attributes
                0x000004b8       0x2c CMakeFiles/pico.dir/pico-sdk/src/rp2_common/pico_runtime_init/runtime_init.c.o
 .ARM.attributes
                0x000004e4       0x2c CMakeFiles/pico.dir/pico-sdk/src/rp2_common/pico_runtime_init/runtime_init_clocks.c.o
 .ARM.attributes
                0x00000510       0x22 CMakeFiles/pico.dir/pico-sdk/src/rp2_common/pico_bit_ops/bit_ops_aeabi.S.o
 .ARM.attributes
                0x00000532       0x22 CMakeFiles/pico.dir/pico-sdk/src/rp2_common/pico_divider/divider_hardware.S.o
 .ARM.attributes
                0x00000554       0x22 CMakeFiles/pico.dir/pico-sdk/src/rp2_common/pico_double/double_aeabi_rp2040.S.o
 .ARM.attributes
                0x00000576       0x2c CMakeFiles/pico.dir/pico-sdk/src/rp2_common/pico_double/double_init_rom_rp2040.c.o
 .ARM.attributes
                0x000005a2       0x22 CMakeFiles/pico.dir/pico-sdk/src/rp2_common/pico_double/double_v1_rom_shim_rp2040.S.o
 .ARM.attributes
                0x000005c4       0x22 CMakeFiles/pico.dir/pico-sdk/src/rp2_common/pico_float/float_aeabi_rp2040.S.o
 .ARM.attributes
                0x000005e6       0x2c CMakeFiles/pico.dir/pico-sdk/src/rp2_common/pico_float/float_init_rom_rp2040.c.o
 .ARM.attributes
                0x00000612       0x22 CMakeFiles/pico.dir/pico-sdk/src/rp2_common/pico_mem_ops/mem_ops_aeabi.S.o
 .ARM.attributes
                0x00000634       0x2c CMakeFiles/pico.dir/pico-sdk/src/rp2_common/pico_standard_binary_info/standard_binary_info.c.o
 .ARM.attributes
                0x00000660       0x2c CMakeFiles/pico.dir/pico-sdk/src/rp2_common/pico_printf/printf.c.o
 .ARM.attributes
                0x0000068c       0x22 CMakeFiles/pico.dir/pico-sdk/src/rp2_common/pico_crt0/crt0.S.o
 .ARM.attributes
                0x000006ae       0x2c CMakeFiles/pico.dir/pico-sdk/src/rp2_common/pico_clib_interface/newlib_interface.c.o
 .ARM.attributes
                0x000006da       0x2c CMakeFiles/pico.dir/pico-sdk/src/rp2_common/pico_stdio/stdio.c.o
 .ARM.attributes
                0x00000706       0x2c CMakeFiles/pico.dir/pico-sdk/src/rp2_common/pico_stdio_uart/stdio_uart.c.o
 .ARM.attributes
                0x00000732       0x2c CMakeFiles/pico.dir/pico-sdk/src/rp2_common/pico_unique_id/unique_id.c.o
 .ARM.attributes
                0x0000075e       0x2c CMakeFiles/pico.dir/pico-sdk/src/rp2_common/hardware_flash/flash.c.o
 .ARM.attributes
                0x0000078a       0x2c CMakeFiles/pico.dir/pico-sdk/src/rp2_common/hardware_exception/exception.c.o
 .ARM.attributes
                0x000007b6       0x22 pico-sdk/src/rp2040/boot_stage2/CMakeFiles/bs2_default_library.dir/bs2_default_padded_checksummed.S.o
 .ARM.attributes
                0x000007d8       0x1e /Applications/ArmGNUToolchain/14.3.rel1/arm-none-eabi/bin/../lib/gcc/arm-none-eabi/14.3.1/thumb/v6-m/nofp/libgcc.a(_dvmd_tls.o)
 .ARM.attributes
                0x000007f6       0x2c /Applications/ArmGNUToolchain/14.3.rel1/arm-none-eabi/bin/../lib/gcc/arm-none-eabi/14.3.1/../../../../arm-none-eabi/lib/thumb/v6-m/nofp/libg.a(libc_a-strlen-stub.o)
 .ARM.attributes
                0x00000822       0x2c /Applications/ArmGNUToolchain/14.3.rel1/arm-none-eabi/bin/../lib/gcc/arm-none-eabi/14.3.1/thumb/v6-m/nofp/crtend.o

.comment        0x00000000       0x46
 .comment       0x00000000       0x46 CMakeFiles/pico.dir/main.c.o
                                 0x47 (size before relaxing)
 .comment       0x00000046       0x47 CMakeFiles/pico.dir/freertos/FreeRTOS-Kernel/list.c.o
 .comment       0x00000046       0x47 CMakeFiles/pico.dir/freertos/FreeRTOS-Kernel/queue.c.o
 .comment       0x00000046       0x47 CMakeFiles/pico.dir/freertos/FreeRTOS-Kernel/tasks.c.o
 .comment       0x00000046       0x47 CMakeFiles/pico.dir/freertos/FreeRTOS-Kernel/timers.c.o
 .comment       0x00000046       0x47 CMakeFiles/pico.dir/freertos/FreeRTOS-Kernel/event_groups.c.o
 .comment       0x00000046       0x47 CMakeFiles/pico.dir/freertos/FreeRTOS-Kernel/portable/ThirdParty/GCC/RP2040/port.c.o
 .comment       0x00000046       0x47 CMakeFiles/pico.dir/freertos/FreeRTOS-Kernel/portable/MemMang/heap_4.c.o
 .comment       0x00000046       0x47 CMakeFiles/pico.dir/pico-sdk/src/rp2_common/hardware_gpio/gpio.c.o
 .comment       0x00000046       0x47 CMakeFiles/pico.dir/pico-sdk/src/rp2_common/pico_platform_panic/panic.c.o
 .comment       0x00000046       0x47 CMakeFiles/pico.dir/pico-sdk/src/common/hardware_claim/claim.c.o
 .comment       0x00000046       0x47 CMakeFiles/pico.dir/pico-sdk/src/rp2_common/hardware_sync/sync.c.o
 .comment       0x00000046       0x47 CMakeFiles/pico.dir/pico-sdk/src/rp2_common/hardware_sync_spin_lock/sync_spin_lock.c.o
 .comment       0x00000046       0x47 CMakeFiles/pico.dir/pico-sdk/src/rp2_common/hardware_irq/irq.c.o
 .comment       0x00000046       0x47 CMakeFiles/pico.dir/pico-sdk/src/common/pico_sync/lock_core.c.o
 .comment       0x00000046       0x47 CMakeFiles/pico.dir/pico-sdk/src/common/pico_sync/mutex.c.o
 .comment       0x00000046       0x47 CMakeFiles/pico.dir/pico-sdk/src/common/pico_time/time.c.o
 .comment       0x00000046       0x47 CMakeFiles/pico.dir/pico-sdk/src/rp2_common/hardware_timer/timer.c.o
 .comment       0x00000046       0x47 CMakeFiles/pico.dir/pico-sdk/src/rp2_common/hardware_uart/uart.c.o
 .comment       0x00000046       0x47 CMakeFiles/pico.dir/pico-sdk/src/rp2_common/hardware_clocks/clocks.c.o
 .comment       0x00000046       0x47 CMakeFiles/pico.dir/pico-sdk/src/rp2_common/hardware_pll/pll.c.o
 .comment       0x00000046       0x47 CMakeFiles/pico.dir/pico-sdk/src/rp2_common/hardware_ticks/ticks.c.o
 .comment       0x00000046       0x47 CMakeFiles/pico.dir/pico-sdk/src/rp2_common/pico_bootrom/bootrom.c.o
 .comment       0x00000046       0x47 CMakeFiles/pico.dir/pico-sdk/src/rp2_common/hardware_xosc/xosc.c.o
 .comment       0x00000046       0x47 CMakeFiles/pico.dir/pico-sdk/src/rp2_common/pico_runtime/runtime.c.o
 .comment       0x00000046       0x47 CMakeFiles/pico.dir/pico-sdk/src/rp2_common/pico_runtime_init/runtime_init.c.o
 .comment       0x00000046       0x47 CMakeFiles/pico.dir/pico-sdk/src/rp2_common/pico_runtime_init/runtime_init_clocks.c.o
 .comment       0x00000046       0x47 CMakeFiles/pico.dir/pico-sdk/src/rp2_common/pico_double/double_init_rom_rp2040.c.o
 .comment       0x00000046       0x47 CMakeFiles/pico.dir/pico-sdk/src/rp2_common/pico_float/float_init_rom_rp2040.c.o
 .comment       0x00000046       0x47 CMakeFiles/pico.dir/pico-sdk/src/rp2_common/pico_standard_binary_info/standard_binary_info.c.o
 .comment       0x00000046       0x47 CMakeFiles/pico.dir/pico-sdk/src/rp2_common/pico_printf/printf.c.o
 .comment       0x00000046       0x47 CMakeFiles/pico.dir/pico-sdk/src/rp2_common/pico_clib_interface/newlib_interface.c.o
 .comment       0x00000046       0x47 CMakeFiles/pico.dir/pico-sdk/src/rp2_common/pico_stdio/stdio.c.o
 .comment       0x00000046       0x47 CMakeFiles/pico.dir/pico-sdk/src/rp2_common/pico_stdio_uart/stdio_uart.c.o
 .comment       0x00000046       0x47 CMakeFiles/pico.dir/pico-sdk/src/rp2_common/pico_unique_id/unique_id.c.o
 .comment       0x00000046       0x47 CMakeFiles/pico.dir/pico-sdk/src/rp2_common/hardware_flash/flash.c.o
 .comment       0x00000046       0x47 CMakeFiles/pico.dir/pico-sdk/src/rp2_common/hardware_exception/exception.c.o

.debug_info     0x00000000    0x2e373
 .debug_info    0x00000000     0x2835 CMakeFiles/pico.dir/main.c.o
 .debug_info    0x00002835      0x2ba CMakeFiles/pico.dir/freertos/FreeRTOS-Kernel/list.c.o
 .debug_info    0x00002aef     0x31b2 CMakeFiles/pico.dir/freertos/FreeRTOS-Kernel/queue.c.o
 .debug_info    0x00005ca1     0x489a CMakeFiles/pico.dir/freertos/FreeRTOS-Kernel/tasks.c.o
 .debug_info    0x0000a53b     0x2111 CMakeFiles/pico.dir/freertos/FreeRTOS-Kernel/timers.c.o
 .debug_info    0x0000c64c     0x1054 CMakeFiles/pico.dir/freertos/FreeRTOS-Kernel/event_groups.c.o
 .debug_info    0x0000d6a0     0x19e0 CMakeFiles/pico.dir/freertos/FreeRTOS-Kernel/portable/ThirdParty/GCC/RP2040/port.c.o
 .debug_info    0x0000f080      0x64d CMakeFiles/pico.dir/freertos/FreeRTOS-Kernel/portable/MemMang/heap_4.c.o
 .debug_info    0x0000f6cd     0x2421 CMakeFiles/pico.dir/pico-sdk/src/rp2_common/hardware_gpio/gpio.c.o
 .debug_info    0x00011aee      0x1bf CMakeFiles/pico.dir/pico-sdk/src/rp2_common/pico_platform_panic/panic.c.o
 .debug_info    0x00011cad      0x9a1 CMakeFiles/pico.dir/pico-sdk/src/common/hardware_claim/claim.c.o
 .debug_info    0x0001264e      0x45c CMakeFiles/pico.dir/pico-sdk/src/rp2_common/hardware_sync/sync.c.o
 .debug_info    0x00012aaa      0x245 CMakeFiles/pico.dir/pico-sdk/src/rp2_common/hardware_sync_spin_lock/sync_spin_lock.c.o
 .debug_info    0x00012cef     0x2233 CMakeFiles/pico.dir/pico-sdk/src/rp2_common/hardware_irq/irq.c.o
 .debug_info    0x00014f22      0x15f CMakeFiles/pico.dir/pico-sdk/src/common/pico_sync/lock_core.c.o
 .debug_info    0x00015081     0x2815 CMakeFiles/pico.dir/pico-sdk/src/common/pico_sync/mutex.c.o
 .debug_info    0x00017896     0x5065 CMakeFiles/pico.dir/pico-sdk/src/common/pico_time/time.c.o
 .debug_info    0x0001c8fb     0x2b37 CMakeFiles/pico.dir/pico-sdk/src/rp2_common/hardware_timer/timer.c.o
 .debug_info    0x0001f432     0x1983 CMakeFiles/pico.dir/pico-sdk/src/rp2_common/hardware_uart/uart.c.o
 .debug_info    0x00020db5     0x2a05 CMakeFiles/pico.dir/pico-sdk/src/rp2_common/hardware_clocks/clocks.c.o
 .debug_info    0x000237ba      0x4e5 CMakeFiles/pico.dir/pico-sdk/src/rp2_common/hardware_pll/pll.c.o
 .debug_info    0x00023c9f      0x248 CMakeFiles/pico.dir/pico-sdk/src/rp2_common/hardware_ticks/ticks.c.o
 .debug_info    0x00023ee7      0x678 CMakeFiles/pico.dir/pico-sdk/src/rp2_common/pico_bootrom/bootrom.c.o
 .debug_info    0x0002455f      0x1d0 CMakeFiles/pico.dir/pico-sdk/src/rp2_common/hardware_xosc/xosc.c.o
 .debug_info    0x0002472f      0x21a CMakeFiles/pico.dir/pico-sdk/src/rp2_common/pico_runtime/runtime.c.o
 .debug_info    0x00024949      0x7ea CMakeFiles/pico.dir/pico-sdk/src/rp2_common/pico_runtime_init/runtime_init.c.o
 .debug_info    0x00025133      0x781 CMakeFiles/pico.dir/pico-sdk/src/rp2_common/pico_runtime_init/runtime_init_clocks.c.o
 .debug_info    0x000258b4       0x23 CMakeFiles/pico.dir/pico-sdk/src/rp2_common/pico_bit_ops/bit_ops_aeabi.S.o
 .debug_info    0x000258d7       0x23 CMakeFiles/pico.dir/pico-sdk/src/rp2_common/pico_divider/divider_hardware.S.o
 .debug_info    0x000258fa       0x23 CMakeFiles/pico.dir/pico-sdk/src/rp2_common/pico_double/double_aeabi_rp2040.S.o
 .debug_info    0x0002591d      0x2c4 CMakeFiles/pico.dir/pico-sdk/src/rp2_common/pico_double/double_init_rom_rp2040.c.o
 .debug_info    0x00025be1       0x24 CMakeFiles/pico.dir/pico-sdk/src/rp2_common/pico_double/double_v1_rom_shim_rp2040.S.o
 .debug_info    0x00025c05       0x23 CMakeFiles/pico.dir/pico-sdk/src/rp2_common/pico_float/float_aeabi_rp2040.S.o
 .debug_info    0x00025c28      0x2b0 CMakeFiles/pico.dir/pico-sdk/src/rp2_common/pico_float/float_init_rom_rp2040.c.o
 .debug_info    0x00025ed8       0x23 CMakeFiles/pico.dir/pico-sdk/src/rp2_common/pico_mem_ops/mem_ops_aeabi.S.o
 .debug_info    0x00025efb      0x2b8 CMakeFiles/pico.dir/pico-sdk/src/rp2_common/pico_standard_binary_info/standard_binary_info.c.o
 .debug_info    0x000261b3     0x22f2 CMakeFiles/pico.dir/pico-sdk/src/rp2_common/pico_printf/printf.c.o
 .debug_info    0x000284a5       0x23 CMakeFiles/pico.dir/pico-sdk/src/rp2_common/pico_crt0/crt0.S.o
 .debug_info    0x000284c8      0xbbe CMakeFiles/pico.dir/pico-sdk/src/rp2_common/pico_clib_interface/newlib_interface.c.o
 .debug_info    0x00029086     0x1d90 CMakeFiles/pico.dir/pico-sdk/src/rp2_common/pico_stdio/stdio.c.o
 .debug_info    0x0002ae16     0x150c CMakeFiles/pico.dir/pico-sdk/src/rp2_common/pico_stdio_uart/stdio_uart.c.o
 .debug_info    0x0002c322      0x201 CMakeFiles/pico.dir/pico-sdk/src/rp2_common/pico_unique_id/unique_id.c.o
 .debug_info    0x0002c523     0x177f CMakeFiles/pico.dir/pico-sdk/src/rp2_common/hardware_flash/flash.c.o
 .debug_info    0x0002dca2      0x6d1 CMakeFiles/pico.dir/pico-sdk/src/rp2_common/hardware_exception/exception.c.o

.debug_abbrev   0x00000000     0x78bf
 .debug_abbrev  0x00000000      0x55c CMakeFiles/pico.dir/main.c.o
 .debug_abbrev  0x0000055c      0x103 CMakeFiles/pico.dir/freertos/FreeRTOS-Kernel/list.c.o
 .debug_abbrev  0x0000065f      0x458 CMakeFiles/pico.dir/freertos/FreeRTOS-Kernel/queue.c.o
 .debug_abbrev  0x00000ab7      0x51a CMakeFiles/pico.dir/freertos/FreeRTOS-Kernel/tasks.c.o
 .debug_abbrev  0x00000fd1      0x48e CMakeFiles/pico.dir/freertos/FreeRTOS-Kernel/timers.c.o
 .debug_abbrev  0x0000145f      0x354 CMakeFiles/pico.dir/freertos/FreeRTOS-Kernel/event_groups.c.o
 .debug_abbrev  0x000017b3      0x59b CMakeFiles/pico.dir/freertos/FreeRTOS-Kernel/portable/ThirdParty/GCC/RP2040/port.c.o
 .debug_abbrev  0x00001d4e      0x2da CMakeFiles/pico.dir/freertos/FreeRTOS-Kernel/portable/MemMang/heap_4.c.o
 .debug_abbrev  0x00002028      0x4f9 CMakeFiles/pico.dir/pico-sdk/src/rp2_common/hardware_gpio/gpio.c.o
 .debug_abbrev  0x00002521      0x12b CMakeFiles/pico.dir/pico-sdk/src/rp2_common/pico_platform_panic/panic.c.o
 .debug_abbrev  0x0000264c      0x328 CMakeFiles/pico.dir/pico-sdk/src/common/hardware_claim/claim.c.o
 .debug_abbrev  0x00002974      0x20f CMakeFiles/pico.dir/pico-sdk/src/rp2_common/hardware_sync/sync.c.o
 .debug_abbrev  0x00002b83      0x1bb CMakeFiles/pico.dir/pico-sdk/src/rp2_common/hardware_sync_spin_lock/sync_spin_lock.c.o
 .debug_abbrev  0x00002d3e      0x614 CMakeFiles/pico.dir/pico-sdk/src/rp2_common/hardware_irq/irq.c.o
 .debug_abbrev  0x00003352       0xee CMakeFiles/pico.dir/pico-sdk/src/common/pico_sync/lock_core.c.o
 .debug_abbrev  0x00003440      0x48c CMakeFiles/pico.dir/pico-sdk/src/common/pico_sync/mutex.c.o
 .debug_abbrev  0x000038cc      0x659 CMakeFiles/pico.dir/pico-sdk/src/common/pico_time/time.c.o
 .debug_abbrev  0x00003f25      0x4f2 CMakeFiles/pico.dir/pico-sdk/src/rp2_common/hardware_timer/timer.c.o
 .debug_abbrev  0x00004417      0x365 CMakeFiles/pico.dir/pico-sdk/src/rp2_common/hardware_uart/uart.c.o
 .debug_abbrev  0x0000477c      0x512 CMakeFiles/pico.dir/pico-sdk/src/rp2_common/hardware_clocks/clocks.c.o
 .debug_abbrev  0x00004c8e      0x1d2 CMakeFiles/pico.dir/pico-sdk/src/rp2_common/hardware_pll/pll.c.o
 .debug_abbrev  0x00004e60      0x145 CMakeFiles/pico.dir/pico-sdk/src/rp2_common/hardware_ticks/ticks.c.o
 .debug_abbrev  0x00004fa5      0x1bc CMakeFiles/pico.dir/pico-sdk/src/rp2_common/pico_bootrom/bootrom.c.o
 .debug_abbrev  0x00005161      0x11d CMakeFiles/pico.dir/pico-sdk/src/rp2_common/hardware_xosc/xosc.c.o
 .debug_abbrev  0x0000527e      0x182 CMakeFiles/pico.dir/pico-sdk/src/rp2_common/pico_runtime/runtime.c.o
 .debug_abbrev  0x00005400      0x26b CMakeFiles/pico.dir/pico-sdk/src/rp2_common/pico_runtime_init/runtime_init.c.o
 .debug_abbrev  0x0000566b      0x2af CMakeFiles/pico.dir/pico-sdk/src/rp2_common/pico_runtime_init/runtime_init_clocks.c.o
 .debug_abbrev  0x0000591a       0x12 CMakeFiles/pico.dir/pico-sdk/src/rp2_common/pico_bit_ops/bit_ops_aeabi.S.o
 .debug_abbrev  0x0000592c       0x12 CMakeFiles/pico.dir/pico-sdk/src/rp2_common/pico_divider/divider_hardware.S.o
 .debug_abbrev  0x0000593e       0x12 CMakeFiles/pico.dir/pico-sdk/src/rp2_common/pico_double/double_aeabi_rp2040.S.o
 .debug_abbrev  0x00005950      0x1bb CMakeFiles/pico.dir/pico-sdk/src/rp2_common/pico_double/double_init_rom_rp2040.c.o
 .debug_abbrev  0x00005b0b       0x14 CMakeFiles/pico.dir/pico-sdk/src/rp2_common/pico_double/double_v1_rom_shim_rp2040.S.o
 .debug_abbrev  0x00005b1f       0x12 CMakeFiles/pico.dir/pico-sdk/src/rp2_common/pico_float/float_aeabi_rp2040.S.o
 .debug_abbrev  0x00005b31      0x19e CMakeFiles/pico.dir/pico-sdk/src/rp2_common/pico_float/float_init_rom_rp2040.c.o
 .debug_abbrev  0x00005ccf       0x12 CMakeFiles/pico.dir/pico-sdk/src/rp2_common/pico_mem_ops/mem_ops_aeabi.S.o
 .debug_abbrev  0x00005ce1       0xb8 CMakeFiles/pico.dir/pico-sdk/src/rp2_common/pico_standard_binary_info/standard_binary_info.c.o
 .debug_abbrev  0x00005d99      0x50c CMakeFiles/pico.dir/pico-sdk/src/rp2_common/pico_printf/printf.c.o
 .debug_abbrev  0x000062a5       0x12 CMakeFiles/pico.dir/pico-sdk/src/rp2_common/pico_crt0/crt0.S.o
 .debug_abbrev  0x000062b7      0x352 CMakeFiles/pico.dir/pico-sdk/src/rp2_common/pico_clib_interface/newlib_interface.c.o
 .debug_abbrev  0x00006609      0x5d9 CMakeFiles/pico.dir/pico-sdk/src/rp2_common/pico_stdio/stdio.c.o